=== lane2 start Fri Aug 14 16:28:43 PDT 2026 ===
--- uz start Fri Aug 14 16:28:43 PDT 2026 ---
Loading data from corpora_variant_b\oscar_uz_ipa.txt...
  Loaded: 10,000,000 chars total
  Train: 7,000,000 chars
  Val: 1,500,000 chars
  Test: 1,500,000 chars
Building vocab from training text...
  Vocab size: 49
============================================================
Training config
============================================================
  Language: Uzbek (uz)
  Mode: Train from scratch
  Device: cuda
  Batch size: 256
  Workers: 0
  Pin memory: True
  Epochs: 3
  LR: 0.0001
  Seed: 1234
  Freeze embed: False
  Output: checkpoints_variant_b\uz_best.pt
Creating data loaders...
  Train batches: 27,344
  Val batches: 5,859

Model config
  Device: cuda
  Embed dim: 128
  Hidden dim: 256
  Layers: 2
  Parameters: 940,465
  Optimizer: Adam (lr=0.0001)
============================================================
Starting training: 3 epochs, 27344 batches/epoch
============================================================
[Epoch 1/3] Starting...
  [  0.4%] Step 100 | Loss: 3.3754 | PPL: 29.24
  [  0.7%] Step 200 | Loss: 2.9335 | PPL: 18.79
  [  1.1%] Step 300 | Loss: 2.6191 | PPL: 13.72
  [  1.5%] Step 400 | Loss: 2.4484 | PPL: 11.57
  [  1.8%] Step 500 | Loss: 2.3525 | PPL: 10.51
  [  2.2%] Step 600 | Loss: 2.2849 | PPL: 9.82
  [  2.6%] Step 700 | Loss: 2.2326 | PPL: 9.32
  [  2.9%] Step 800 | Loss: 2.1875 | PPL: 8.91
  [  3.3%] Step 900 | Loss: 2.1471 | PPL: 8.56
  [  3.7%] Step 1,000 | Loss: 2.1052 | PPL: 8.21
  [  4.0%] Step 1,100 | Loss: 2.0691 | PPL: 7.92
  [  4.4%] Step 1,200 | Loss: 2.0355 | PPL: 7.66
  [  4.8%] Step 1,300 | Loss: 2.0042 | PPL: 7.42
  [  5.1%] Step 1,400 | Loss: 1.9732 | PPL: 7.19
  [  5.5%] Step 1,500 | Loss: 1.9516 | PPL: 7.04
  [  5.9%] Step 1,600 | Loss: 1.9231 | PPL: 6.84
  [  6.2%] Step 1,700 | Loss: 1.9018 | PPL: 6.70
  [  6.6%] Step 1,800 | Loss: 1.8784 | PPL: 6.54
  [  6.9%] Step 1,900 | Loss: 1.8595 | PPL: 6.42
  [  7.3%] Step 2,000 | Loss: 1.8397 | PPL: 6.29
  [  7.7%] Step 2,100 | Loss: 1.8223 | PPL: 6.19
  [  8.0%] Step 2,200 | Loss: 1.8015 | PPL: 6.06
  [  8.4%] Step 2,300 | Loss: 1.7868 | PPL: 5.97
  [  8.8%] Step 2,400 | Loss: 1.7749 | PPL: 5.90
  [  9.1%] Step 2,500 | Loss: 1.7612 | PPL: 5.82
  [  9.5%] Step 2,600 | Loss: 1.7443 | PPL: 5.72
  [  9.9%] Step 2,700 | Loss: 1.7334 | PPL: 5.66
  [ 10.2%] Step 2,800 | Loss: 1.7194 | PPL: 5.58
  [ 10.6%] Step 2,900 | Loss: 1.7107 | PPL: 5.53
  [ 11.0%] Step 3,000 | Loss: 1.6987 | PPL: 5.47
  [ 11.3%] Step 3,100 | Loss: 1.6897 | PPL: 5.42
  [ 11.7%] Step 3,200 | Loss: 1.6812 | PPL: 5.37
  [ 12.1%] Step 3,300 | Loss: 1.6700 | PPL: 5.31
  [ 12.4%] Step 3,400 | Loss: 1.6632 | PPL: 5.28
  [ 12.8%] Step 3,500 | Loss: 1.6516 | PPL: 5.22
  [ 13.2%] Step 3,600 | Loss: 1.6469 | PPL: 5.19
  [ 13.5%] Step 3,700 | Loss: 1.6381 | PPL: 5.15
  [ 13.9%] Step 3,800 | Loss: 1.6245 | PPL: 5.08
  [ 14.3%] Step 3,900 | Loss: 1.6223 | PPL: 5.06
  [ 14.6%] Step 4,000 | Loss: 1.6152 | PPL: 5.03
  [ 15.0%] Step 4,100 | Loss: 1.6084 | PPL: 4.99
  [ 15.4%] Step 4,200 | Loss: 1.6015 | PPL: 4.96
  [ 15.7%] Step 4,300 | Loss: 1.5967 | PPL: 4.94
  [ 16.1%] Step 4,400 | Loss: 1.5927 | PPL: 4.92
  [ 16.5%] Step 4,500 | Loss: 1.5833 | PPL: 4.87
  [ 16.8%] Step 4,600 | Loss: 1.5825 | PPL: 4.87
  [ 17.2%] Step 4,700 | Loss: 1.5719 | PPL: 4.82
  [ 17.6%] Step 4,800 | Loss: 1.5651 | PPL: 4.78
  [ 17.9%] Step 4,900 | Loss: 1.5658 | PPL: 4.79
  [ 18.3%] Step 5,000 | Loss: 1.5580 | PPL: 4.75
  [ 18.7%] Step 5,100 | Loss: 1.5515 | PPL: 4.72
  [ 19.0%] Step 5,200 | Loss: 1.5491 | PPL: 4.71
  [ 19.4%] Step 5,300 | Loss: 1.5418 | PPL: 4.67
  [ 19.7%] Step 5,400 | Loss: 1.5349 | PPL: 4.64
  [ 20.1%] Step 5,500 | Loss: 1.5320 | PPL: 4.63
  [ 20.5%] Step 5,600 | Loss: 1.5262 | PPL: 4.60
  [ 20.8%] Step 5,700 | Loss: 1.5262 | PPL: 4.60
  [ 21.2%] Step 5,800 | Loss: 1.5182 | PPL: 4.56
  [ 21.6%] Step 5,900 | Loss: 1.5144 | PPL: 4.55
  [ 21.9%] Step 6,000 | Loss: 1.5124 | PPL: 4.54
  [ 22.3%] Step 6,100 | Loss: 1.5080 | PPL: 4.52
  [ 22.7%] Step 6,200 | Loss: 1.5038 | PPL: 4.50
  [ 23.0%] Step 6,300 | Loss: 1.4987 | PPL: 4.48
  [ 23.4%] Step 6,400 | Loss: 1.4979 | PPL: 4.47
  [ 23.8%] Step 6,500 | Loss: 1.4942 | PPL: 4.46
  [ 24.1%] Step 6,600 | Loss: 1.4891 | PPL: 4.43
  [ 24.5%] Step 6,700 | Loss: 1.4878 | PPL: 4.43
  [ 24.9%] Step 6,800 | Loss: 1.4841 | PPL: 4.41
  [ 25.2%] Step 6,900 | Loss: 1.4803 | PPL: 4.39
  [ 25.6%] Step 7,000 | Loss: 1.4735 | PPL: 4.36
  [ 26.0%] Step 7,100 | Loss: 1.4760 | PPL: 4.38
  [ 26.3%] Step 7,200 | Loss: 1.4686 | PPL: 4.34
  [ 26.7%] Step 7,300 | Loss: 1.4662 | PPL: 4.33
  [ 27.1%] Step 7,400 | Loss: 1.4663 | PPL: 4.33
  [ 27.4%] Step 7,500 | Loss: 1.4616 | PPL: 4.31
  [ 27.8%] Step 7,600 | Loss: 1.4625 | PPL: 4.32
  [ 28.2%] Step 7,700 | Loss: 1.4584 | PPL: 4.30
  [ 28.5%] Step 7,800 | Loss: 1.4512 | PPL: 4.27
  [ 28.9%] Step 7,900 | Loss: 1.4504 | PPL: 4.26
  [ 29.3%] Step 8,000 | Loss: 1.4499 | PPL: 4.26
  [ 29.6%] Step 8,100 | Loss: 1.4453 | PPL: 4.24
  [ 30.0%] Step 8,200 | Loss: 1.4407 | PPL: 4.22
  [ 30.4%] Step 8,300 | Loss: 1.4391 | PPL: 4.22
  [ 30.7%] Step 8,400 | Loss: 1.4379 | PPL: 4.21
  [ 31.1%] Step 8,500 | Loss: 1.4360 | PPL: 4.20
  [ 31.5%] Step 8,600 | Loss: 1.4338 | PPL: 4.19
  [ 31.8%] Step 8,700 | Loss: 1.4297 | PPL: 4.18
  [ 32.2%] Step 8,800 | Loss: 1.4272 | PPL: 4.17
  [ 32.5%] Step 8,900 | Loss: 1.4246 | PPL: 4.16
  [ 32.9%] Step 9,000 | Loss: 1.4189 | PPL: 4.13
