=== variant B training start Fri Aug 14 16:24:42 PDT 2026 ===
--- tr start Fri Aug 14 16:24:42 PDT 2026 ---
Loading data from corpora_variant_b\oscar_tr_ipa.txt...
  Loaded: 10,000,000 chars total
  Train: 7,000,000 chars
  Val: 1,500,000 chars
  Test: 1,500,000 chars
Building vocab from training text...
  Vocab size: 43
============================================================
Training config
============================================================
  Language: Turkish (tr)
  Mode: Train from scratch
  Device: cuda
  Batch size: 256
  Workers: 0
  Pin memory: True
  Epochs: 3
  LR: 0.0001
  Seed: 1234
  Freeze embed: False
  Output: checkpoints_variant_b\tr_best.pt
Creating data loaders...
  Train batches: 27,344
  Val batches: 5,859

Model config
  Device: cuda
  Embed dim: 128
  Hidden dim: 256
  Layers: 2
  Parameters: 938,155
  Optimizer: Adam (lr=0.0001)
============================================================
Starting training: 3 epochs, 27344 batches/epoch
============================================================
[Epoch 1/3] Starting...
  [  0.4%] Step 100 | Loss: 3.3419 | PPL: 28.27
  [  0.7%] Step 200 | Loss: 2.9446 | PPL: 19.00
  [  1.1%] Step 300 | Loss: 2.5992 | PPL: 13.45
  [  1.5%] Step 400 | Loss: 2.3872 | PPL: 10.88
  [  1.8%] Step 500 | Loss: 2.2782 | PPL: 9.76
  [  2.2%] Step 600 | Loss: 2.2027 | PPL: 9.05
  [  2.6%] Step 700 | Loss: 2.1514 | PPL: 8.60
  [  2.9%] Step 800 | Loss: 2.1088 | PPL: 8.24
  [  3.3%] Step 900 | Loss: 2.0679 | PPL: 7.91
  [  3.7%] Step 1,000 | Loss: 2.0302 | PPL: 7.62
  [  4.0%] Step 1,100 | Loss: 1.9982 | PPL: 7.38
  [  4.4%] Step 1,200 | Loss: 1.9701 | PPL: 7.17
  [  4.8%] Step 1,300 | Loss: 1.9437 | PPL: 6.98
  [  5.1%] Step 1,400 | Loss: 1.9235 | PPL: 6.84
  [  5.5%] Step 1,500 | Loss: 1.9002 | PPL: 6.69
  [  5.9%] Step 1,600 | Loss: 1.8815 | PPL: 6.56
  [  6.2%] Step 1,700 | Loss: 1.8586 | PPL: 6.41
  [  6.6%] Step 1,800 | Loss: 1.8366 | PPL: 6.28
  [  6.9%] Step 1,900 | Loss: 1.8196 | PPL: 6.17
  [  7.3%] Step 2,000 | Loss: 1.8118 | PPL: 6.12
  [  7.7%] Step 2,100 | Loss: 1.7965 | PPL: 6.03
  [  8.0%] Step 2,200 | Loss: 1.7840 | PPL: 5.95
  [  8.4%] Step 2,300 | Loss: 1.7699 | PPL: 5.87
  [  8.8%] Step 2,400 | Loss: 1.7573 | PPL: 5.80
  [  9.1%] Step 2,500 | Loss: 1.7402 | PPL: 5.70
  [  9.5%] Step 2,600 | Loss: 1.7339 | PPL: 5.66
  [  9.9%] Step 2,700 | Loss: 1.7260 | PPL: 5.62
  [ 10.2%] Step 2,800 | Loss: 1.7122 | PPL: 5.54
  [ 10.6%] Step 2,900 | Loss: 1.7064 | PPL: 5.51
  [ 11.0%] Step 3,000 | Loss: 1.6931 | PPL: 5.44
  [ 11.3%] Step 3,100 | Loss: 1.6876 | PPL: 5.41
  [ 11.7%] Step 3,200 | Loss: 1.6754 | PPL: 5.34
  [ 12.1%] Step 3,300 | Loss: 1.6680 | PPL: 5.30
  [ 12.4%] Step 3,400 | Loss: 1.6667 | PPL: 5.29
  [ 12.8%] Step 3,500 | Loss: 1.6582 | PPL: 5.25
  [ 13.2%] Step 3,600 | Loss: 1.6499 | PPL: 5.21
  [ 13.5%] Step 3,700 | Loss: 1.6451 | PPL: 5.18
  [ 13.9%] Step 3,800 | Loss: 1.6372 | PPL: 5.14
  [ 14.3%] Step 3,900 | Loss: 1.6288 | PPL: 5.10
  [ 14.6%] Step 4,000 | Loss: 1.6227 | PPL: 5.07
  [ 15.0%] Step 4,100 | Loss: 1.6169 | PPL: 5.04
  [ 15.4%] Step 4,200 | Loss: 1.6120 | PPL: 5.01
  [ 15.7%] Step 4,300 | Loss: 1.6123 | PPL: 5.01
  [ 16.1%] Step 4,400 | Loss: 1.5992 | PPL: 4.95
  [ 16.5%] Step 4,500 | Loss: 1.5959 | PPL: 4.93
  [ 16.8%] Step 4,600 | Loss: 1.5924 | PPL: 4.92
  [ 17.2%] Step 4,700 | Loss: 1.5853 | PPL: 4.88
=== lane1 start Fri Aug 14 16:28:43 PDT 2026 ===
--- tr start Fri Aug 14 16:28:43 PDT 2026 ---
Loading data from corpora_variant_b\oscar_tr_ipa.txt...
  Loaded: 10,000,000 chars total
  Train: 7,000,000 chars
  Val: 1,500,000 chars
  Test: 1,500,000 chars
Building vocab from training text...
  Vocab size: 43
============================================================
Training config
============================================================
  Language: Turkish (tr)
  Mode: Train from scratch
  Device: cuda
  Batch size: 256
  Workers: 0
  Pin memory: True
  Epochs: 3
  LR: 0.0001
  Seed: 1234
  Freeze embed: False
  Output: checkpoints_variant_b\tr_best.pt
Creating data loaders...
  Train batches: 27,344
  Val batches: 5,859

Model config
  Device: cuda
  Embed dim: 128
  Hidden dim: 256
  Layers: 2
  Parameters: 938,155
  Optimizer: Adam (lr=0.0001)
============================================================
Starting training: 3 epochs, 27344 batches/epoch
============================================================
[Epoch 1/3] Starting...
  [  0.4%] Step 100 | Loss: 3.3419 | PPL: 28.27
  [  0.7%] Step 200 | Loss: 2.9446 | PPL: 19.00
  [  1.1%] Step 300 | Loss: 2.5992 | PPL: 13.45
  [  1.5%] Step 400 | Loss: 2.3872 | PPL: 10.88
  [  1.8%] Step 500 | Loss: 2.2782 | PPL: 9.76
  [  2.2%] Step 600 | Loss: 2.2027 | PPL: 9.05
  [  2.6%] Step 700 | Loss: 2.1514 | PPL: 8.60
  [  2.9%] Step 800 | Loss: 2.1088 | PPL: 8.24
  [  3.3%] Step 900 | Loss: 2.0679 | PPL: 7.91
  [  3.7%] Step 1,000 | Loss: 2.0302 | PPL: 7.62
  [  4.0%] Step 1,100 | Loss: 1.9982 | PPL: 7.38
  [  4.4%] Step 1,200 | Loss: 1.9701 | PPL: 7.17
  [  4.8%] Step 1,300 | Loss: 1.9437 | PPL: 6.98
  [  5.1%] Step 1,400 | Loss: 1.9235 | PPL: 6.84
  [  5.5%] Step 1,500 | Loss: 1.9002 | PPL: 6.69
  [  5.9%] Step 1,600 | Loss: 1.8815 | PPL: 6.56
  [  6.2%] Step 1,700 | Loss: 1.8586 | PPL: 6.41
  [  6.6%] Step 1,800 | Loss: 1.8366 | PPL: 6.28
  [  6.9%] Step 1,900 | Loss: 1.8196 | PPL: 6.17
  [  7.3%] Step 2,000 | Loss: 1.8118 | PPL: 6.12
  [  7.7%] Step 2,100 | Loss: 1.7965 | PPL: 6.03
  [  8.0%] Step 2,200 | Loss: 1.7840 | PPL: 5.95
  [  8.4%] Step 2,300 | Loss: 1.7699 | PPL: 5.87
  [  8.8%] Step 2,400 | Loss: 1.7573 | PPL: 5.80
  [  9.1%] Step 2,500 | Loss: 1.7402 | PPL: 5.70
  [  9.5%] Step 2,600 | Loss: 1.7339 | PPL: 5.66
  [  9.9%] Step 2,700 | Loss: 1.7260 | PPL: 5.62
  [ 10.2%] Step 2,800 | Loss: 1.7122 | PPL: 5.54
  [ 10.6%] Step 2,900 | Loss: 1.7064 | PPL: 5.51
  [ 11.0%] Step 3,000 | Loss: 1.6931 | PPL: 5.44
  [ 11.3%] Step 3,100 | Loss: 1.6876 | PPL: 5.41
  [ 11.7%] Step 3,200 | Loss: 1.6754 | PPL: 5.34
  [ 12.1%] Step 3,300 | Loss: 1.6680 | PPL: 5.30
  [ 12.4%] Step 3,400 | Loss: 1.6667 | PPL: 5.29
  [ 12.8%] Step 3,500 | Loss: 1.6582 | PPL: 5.25
  [ 13.2%] Step 3,600 | Loss: 1.6499 | PPL: 5.21
  [ 13.5%] Step 3,700 | Loss: 1.6451 | PPL: 5.18
  [ 13.9%] Step 3,800 | Loss: 1.6372 | PPL: 5.14
  [ 14.3%] Step 3,900 | Loss: 1.6288 | PPL: 5.10
  [ 14.6%] Step 4,000 | Loss: 1.6227 | PPL: 5.07
  [ 15.0%] Step 4,100 | Loss: 1.6169 | PPL: 5.04
  [ 15.4%] Step 4,200 | Loss: 1.6120 | PPL: 5.01
  [ 15.7%] Step 4,300 | Loss: 1.6123 | PPL: 5.01
  [ 16.1%] Step 4,400 | Loss: 1.5992 | PPL: 4.95
  [ 16.5%] Step 4,500 | Loss: 1.5959 | PPL: 4.93
  [ 16.8%] Step 4,600 | Loss: 1.5924 | PPL: 4.92
  [ 17.2%] Step 4,700 | Loss: 1.5853 | PPL: 4.88
  [ 17.6%] Step 4,800 | Loss: 1.5820 | PPL: 4.86
  [ 17.9%] Step 4,900 | Loss: 1.5824 | PPL: 4.87
  [ 18.3%] Step 5,000 | Loss: 1.5742 | PPL: 4.83
  [ 18.7%] Step 5,100 | Loss: 1.5743 | PPL: 4.83
  [ 19.0%] Step 5,200 | Loss: 1.5637 | PPL: 4.78
  [ 19.4%] Step 5,300 | Loss: 1.5650 | PPL: 4.78
  [ 19.7%] Step 5,400 | Loss: 1.5600 | PPL: 4.76
  [ 20.1%] Step 5,500 | Loss: 1.5490 | PPL: 4.71
  [ 20.5%] Step 5,600 | Loss: 1.5549 | PPL: 4.73
  [ 20.8%] Step 5,700 | Loss: 1.5469 | PPL: 4.70
  [ 21.2%] Step 5,800 | Loss: 1.5371 | PPL: 4.65
  [ 21.6%] Step 5,900 | Loss: 1.5400 | PPL: 4.66
  [ 21.9%] Step 6,000 | Loss: 1.5329 | PPL: 4.63
  [ 22.3%] Step 6,100 | Loss: 1.5311 | PPL: 4.62
  [ 22.7%] Step 6,200 | Loss: 1.5236 | PPL: 4.59
  [ 23.0%] Step 6,300 | Loss: 1.5261 | PPL: 4.60
  [ 23.4%] Step 6,400 | Loss: 1.5250 | PPL: 4.60
  [ 23.8%] Step 6,500 | Loss: 1.5214 | PPL: 4.58
  [ 24.1%] Step 6,600 | Loss: 1.5170 | PPL: 4.56
  [ 24.5%] Step 6,700 | Loss: 1.5196 | PPL: 4.57
  [ 24.9%] Step 6,800 | Loss: 1.5136 | PPL: 4.54
  [ 25.2%] Step 6,900 | Loss: 1.5064 | PPL: 4.51
  [ 25.6%] Step 7,000 | Loss: 1.5058 | PPL: 4.51
  [ 26.0%] Step 7,100 | Loss: 1.5050 | PPL: 4.50
  [ 26.3%] Step 7,200 | Loss: 1.5037 | PPL: 4.50
  [ 26.7%] Step 7,300 | Loss: 1.4959 | PPL: 4.46
  [ 27.1%] Step 7,400 | Loss: 1.5002 | PPL: 4.48
  [ 27.4%] Step 7,500 | Loss: 1.4925 | PPL: 4.45
  [ 27.8%] Step 7,600 | Loss: 1.4926 | PPL: 4.45
  [ 28.2%] Step 7,700 | Loss: 1.4905 | PPL: 4.44
  [ 28.5%] Step 7,800 | Loss: 1.4869 | PPL: 4.42
  [ 28.9%] Step 7,900 | Loss: 1.4896 | PPL: 4.44
  [ 29.3%] Step 8,000 | Loss: 1.4853 | PPL: 4.42
  [ 29.6%] Step 8,100 | Loss: 1.4770 | PPL: 4.38
  [ 30.0%] Step 8,200 | Loss: 1.4768 | PPL: 4.38
  [ 30.4%] Step 8,300 | Loss: 1.4749 | PPL: 4.37
  [ 30.7%] Step 8,400 | Loss: 1.4723 | PPL: 4.36
  [ 31.1%] Step 8,500 | Loss: 1.4748 | PPL: 4.37
  [ 31.5%] Step 8,600 | Loss: 1.4698 | PPL: 4.35
  [ 31.8%] Step 8,700 | Loss: 1.4677 | PPL: 4.34
  [ 32.2%] Step 8,800 | Loss: 1.4636 | PPL: 4.32
  [ 32.5%] Step 8,900 | Loss: 1.4634 | PPL: 4.32
  [ 32.9%] Step 9,000 | Loss: 1.4603 | PPL: 4.31
