wandb: Tracking run with wandb version 0.23.1
wandb: W&B syncing is set to `offline` in this directory. Run `wandb online` or set WANDB_MODE=online to enable cloud syncing.
wandb: Run data is saved locally in C:\Users\Test\PROJECTS\LSTM\wandb\offline-run-20260903_180638-gtiy1w5v
Loading data from rebuild_2026-09\corpora_clean_v5\oscar_ru_ipa.txt...
  Loaded: 10,000,000 chars total
  Train: 7,000,000 chars
  Val: 1,500,000 chars
  Test: 1,500,000 chars
Building vocab from training text...
  Vocab size: 31
============================================================
Training config
============================================================
  Language: Russian (ru)
  Mode: Train from scratch
  Device: cuda
  Batch size: 256
  Workers: 0
  Pin memory: True
  Epochs: 3
  LR: 0.0001
  Seed: 1234
  Freeze embed: False
  Output: checkpoints_v5\ru_best.pt
Creating data loaders...
  Train batches: 27,344
  Val batches: 5,859

Model config
  Device: cuda
  Embed dim: 128
  Hidden dim: 256
  Layers: 2
  Parameters: 933,535
  Optimizer: Adam (lr=0.0001)
============================================================
Starting training: 3 epochs, 27344 batches/epoch
============================================================
[Epoch 1/3] Starting...
  [  0.4%] Step 100 | Loss: 3.1304 | PPL: 22.88
  [  0.7%] Step 200 | Loss: 2.6530 | PPL: 14.20
  [  1.1%] Step 300 | Loss: 2.3174 | PPL: 10.15
  [  1.5%] Step 400 | Loss: 2.1690 | PPL: 8.75
  [  1.8%] Step 500 | Loss: 2.0836 | PPL: 8.03
  [  2.2%] Step 600 | Loss: 2.0160 | PPL: 7.51
  [  2.6%] Step 700 | Loss: 1.9587 | PPL: 7.09
  [  2.9%] Step 800 | Loss: 1.9132 | PPL: 6.77
  [  3.3%] Step 900 | Loss: 1.8721 | PPL: 6.50
  [  3.7%] Step 1,000 | Loss: 1.8360 | PPL: 6.27
  [  4.0%] Step 1,100 | Loss: 1.8020 | PPL: 6.06
  [  4.4%] Step 1,200 | Loss: 1.7740 | PPL: 5.89
  [  4.8%] Step 1,300 | Loss: 1.7458 | PPL: 5.73
  [  5.1%] Step 1,400 | Loss: 1.7207 | PPL: 5.59
  [  5.5%] Step 1,500 | Loss: 1.6968 | PPL: 5.46
  [  5.9%] Step 1,600 | Loss: 1.6763 | PPL: 5.35
  [  6.2%] Step 1,700 | Loss: 1.6567 | PPL: 5.24
  [  6.6%] Step 1,800 | Loss: 1.6405 | PPL: 5.16
  [  6.9%] Step 1,900 | Loss: 1.6240 | PPL: 5.07
  [  7.3%] Step 2,000 | Loss: 1.6068 | PPL: 4.99
  [  7.7%] Step 2,100 | Loss: 1.5928 | PPL: 4.92
  [  8.0%] Step 2,200 | Loss: 1.5794 | PPL: 4.85
  [  8.4%] Step 2,300 | Loss: 1.5677 | PPL: 4.80
  [  8.8%] Step 2,400 | Loss: 1.5561 | PPL: 4.74
  [  9.1%] Step 2,500 | Loss: 1.5409 | PPL: 4.67
  [  9.5%] Step 2,600 | Loss: 1.5338 | PPL: 4.64
  [  9.9%] Step 2,700 | Loss: 1.5218 | PPL: 4.58
  [ 10.2%] Step 2,800 | Loss: 1.5124 | PPL: 4.54
  [ 10.6%] Step 2,900 | Loss: 1.5058 | PPL: 4.51
  [ 11.0%] Step 3,000 | Loss: 1.4982 | PPL: 4.47
  [ 11.3%] Step 3,100 | Loss: 1.4904 | PPL: 4.44
  [ 11.7%] Step 3,200 | Loss: 1.4819 | PPL: 4.40
  [ 12.1%] Step 3,300 | Loss: 1.4704 | PPL: 4.35
  [ 12.4%] Step 3,400 | Loss: 1.4667 | PPL: 4.33
  [ 12.8%] Step 3,500 | Loss: 1.4600 | PPL: 4.31
  [ 13.2%] Step 3,600 | Loss: 1.4519 | PPL: 4.27
  [ 13.5%] Step 3,700 | Loss: 1.4473 | PPL: 4.25
  [ 13.9%] Step 3,800 | Loss: 1.4392 | PPL: 4.22
  [ 14.3%] Step 3,900 | Loss: 1.4358 | PPL: 4.20
  [ 14.6%] Step 4,000 | Loss: 1.4299 | PPL: 4.18
  [ 15.0%] Step 4,100 | Loss: 1.4253 | PPL: 4.16
  [ 15.4%] Step 4,200 | Loss: 1.4183 | PPL: 4.13
  [ 15.7%] Step 4,300 | Loss: 1.4146 | PPL: 4.11
  [ 16.1%] Step 4,400 | Loss: 1.4097 | PPL: 4.09
  [ 16.5%] Step 4,500 | Loss: 1.4065 | PPL: 4.08
  [ 16.8%] Step 4,600 | Loss: 1.3989 | PPL: 4.05
  [ 17.2%] Step 4,700 | Loss: 1.3967 | PPL: 4.04
  [ 17.6%] Step 4,800 | Loss: 1.3942 | PPL: 4.03
  [ 17.9%] Step 4,900 | Loss: 1.3870 | PPL: 4.00
  [ 18.3%] Step 5,000 | Loss: 1.3839 | PPL: 3.99
  [ 18.7%] Step 5,100 | Loss: 1.3795 | PPL: 3.97
  [ 19.0%] Step 5,200 | Loss: 1.3781 | PPL: 3.97
  [ 19.4%] Step 5,300 | Loss: 1.3715 | PPL: 3.94
  [ 19.7%] Step 5,400 | Loss: 1.3684 | PPL: 3.93
  [ 20.1%] Step 5,500 | Loss: 1.3662 | PPL: 3.92
  [ 20.5%] Step 5,600 | Loss: 1.3654 | PPL: 3.92
  [ 20.8%] Step 5,700 | Loss: 1.3588 | PPL: 3.89
  [ 21.2%] Step 5,800 | Loss: 1.3555 | PPL: 3.88
  [ 21.6%] Step 5,900 | Loss: 1.3526 | PPL: 3.87
  [ 21.9%] Step 6,000 | Loss: 1.3466 | PPL: 3.84
  [ 22.3%] Step 6,100 | Loss: 1.3448 | PPL: 3.84
  [ 22.7%] Step 6,200 | Loss: 1.3468 | PPL: 3.85
  [ 23.0%] Step 6,300 | Loss: 1.3418 | PPL: 3.83
  [ 23.4%] Step 6,400 | Loss: 1.3362 | PPL: 3.80
  [ 23.8%] Step 6,500 | Loss: 1.3352 | PPL: 3.80
  [ 24.1%] Step 6,600 | Loss: 1.3319 | PPL: 3.79
  [ 24.5%] Step 6,700 | Loss: 1.3295 | PPL: 3.78
  [ 24.9%] Step 6,800 | Loss: 1.3248 | PPL: 3.76
  [ 25.2%] Step 6,900 | Loss: 1.3218 | PPL: 3.75
  [ 25.6%] Step 7,000 | Loss: 1.3218 | PPL: 3.75
  [ 26.0%] Step 7,100 | Loss: 1.3185 | PPL: 3.74
  [ 26.3%] Step 7,200 | Loss: 1.3144 | PPL: 3.72
  [ 26.7%] Step 7,300 | Loss: 1.3162 | PPL: 3.73
  [ 27.1%] Step 7,400 | Loss: 1.3110 | PPL: 3.71
  [ 27.4%] Step 7,500 | Loss: 1.3093 | PPL: 3.70
  [ 27.8%] Step 7,600 | Loss: 1.3057 | PPL: 3.69
  [ 28.2%] Step 7,700 | Loss: 1.3046 | PPL: 3.69
  [ 28.5%] Step 7,800 | Loss: 1.3037 | PPL: 3.68
  [ 28.9%] Step 7,900 | Loss: 1.2980 | PPL: 3.66
  [ 29.3%] Step 8,000 | Loss: 1.2981 | PPL: 3.66
  [ 29.6%] Step 8,100 | Loss: 1.2927 | PPL: 3.64
  [ 30.0%] Step 8,200 | Loss: 1.2912 | PPL: 3.64
  [ 30.4%] Step 8,300 | Loss: 1.2918 | PPL: 3.64
  [ 30.7%] Step 8,400 | Loss: 1.2895 | PPL: 3.63
  [ 31.1%] Step 8,500 | Loss: 1.2856 | PPL: 3.62
  [ 31.5%] Step 8,600 | Loss: 1.2877 | PPL: 3.62
  [ 31.8%] Step 8,700 | Loss: 1.2813 | PPL: 3.60
  [ 32.2%] Step 8,800 | Loss: 1.2818 | PPL: 3.60
  [ 32.5%] Step 8,900 | Loss: 1.2773 | PPL: 3.59
  [ 32.9%] Step 9,000 | Loss: 1.2741 | PPL: 3.58
  [ 33.3%] Step 9,100 | Loss: 1.2741 | PPL: 3.58
  [ 33.6%] Step 9,200 | Loss: 1.2745 | PPL: 3.58
  [ 34.0%] Step 9,300 | Loss: 1.2742 | PPL: 3.58
  [ 34.4%] Step 9,400 | Loss: 1.2727 | PPL: 3.57
  [ 34.7%] Step 9,500 | Loss: 1.2674 | PPL: 3.55
  [ 35.1%] Step 9,600 | Loss: 1.2663 | PPL: 3.55
  [ 35.5%] Step 9,700 | Loss: 1.2649 | PPL: 3.54
  [ 35.8%] Step 9,800 | Loss: 1.2631 | PPL: 3.54
  [ 36.2%] Step 9,900 | Loss: 1.2602 | PPL: 3.53
  [ 36.6%] Step 10,000 | Loss: 1.2593 | PPL: 3.52
  [ 36.9%] Step 10,100 | Loss: 1.2600 | PPL: 3.53
  [ 37.3%] Step 10,200 | Loss: 1.2551 | PPL: 3.51
  [ 37.7%] Step 10,300 | Loss: 1.2534 | PPL: 3.50
  [ 38.0%] Step 10,400 | Loss: 1.2530 | PPL: 3.50
  [ 38.4%] Step 10,500 | Loss: 1.2578 | PPL: 3.52
  [ 38.8%] Step 10,600 | Loss: 1.2503 | PPL: 3.49
  [ 39.1%] Step 10,700 | Loss: 1.2506 | PPL: 3.49
  [ 39.5%] Step 10,800 | Loss: 1.2479 | PPL: 3.48
  [ 39.9%] Step 10,900 | Loss: 1.2472 | PPL: 3.48
  [ 40.2%] Step 11,000 | Loss: 1.2467 | PPL: 3.48
  [ 40.6%] Step 11,100 | Loss: 1.2450 | PPL: 3.47
  [ 41.0%] Step 11,200 | Loss: 1.2447 | PPL: 3.47
  [ 41.3%] Step 11,300 | Loss: 1.2441 | PPL: 3.47
  [ 41.7%] Step 11,400 | Loss: 1.2410 | PPL: 3.46
  [ 42.1%] Step 11,500 | Loss: 1.2366 | PPL: 3.44
  [ 42.4%] Step 11,600 | Loss: 1.2365 | PPL: 3.44
  [ 42.8%] Step 11,700 | Loss: 1.2365 | PPL: 3.44
  [ 43.2%] Step 11,800 | Loss: 1.2367 | PPL: 3.44
  [ 43.5%] Step 11,900 | Loss: 1.2324 | PPL: 3.43
  [ 43.9%] Step 12,000 | Loss: 1.2307 | PPL: 3.42
  [ 44.3%] Step 12,100 | Loss: 1.2305 | PPL: 3.42
  [ 44.6%] Step 12,200 | Loss: 1.2292 | PPL: 3.42
  [ 45.0%] Step 12,300 | Loss: 1.2269 | PPL: 3.41
  [ 45.3%] Step 12,400 | Loss: 1.2293 | PPL: 3.42
  [ 45.7%] Step 12,500 | Loss: 1.2239 | PPL: 3.40
  [ 46.1%] Step 12,600 | Loss: 1.2254 | PPL: 3.41
  [ 46.4%] Step 12,700 | Loss: 1.2221 | PPL: 3.39
  [ 46.8%] Step 12,800 | Loss: 1.2234 | PPL: 3.40
  [ 47.2%] Step 12,900 | Loss: 1.2200 | PPL: 3.39
  [ 47.5%] Step 13,000 | Loss: 1.2210 | PPL: 3.39
  [ 47.9%] Step 13,100 | Loss: 1.2200 | PPL: 3.39
  [ 48.3%] Step 13,200 | Loss: 1.2173 | PPL: 3.38
  [ 48.6%] Step 13,300 | Loss: 1.2173 | PPL: 3.38
  [ 49.0%] Step 13,400 | Loss: 1.2134 | PPL: 3.36
  [ 49.4%] Step 13,500 | Loss: 1.2173 | PPL: 3.38
  [ 49.7%] Step 13,600 | Loss: 1.2137 | PPL: 3.37
  [ 50.1%] Step 13,700 | Loss: 1.2131 | PPL: 3.36
  [ 50.5%] Step 13,800 | Loss: 1.2119 | PPL: 3.36
  [ 50.8%] Step 13,900 | Loss: 1.2077 | PPL: 3.35
  [ 51.2%] Step 14,000 | Loss: 1.2054 | PPL: 3.34
  [ 51.6%] Step 14,100 | Loss: 1.2075 | PPL: 3.35
  [ 51.9%] Step 14,200 | Loss: 1.2096 | PPL: 3.35
  [ 52.3%] Step 14,300 | Loss: 1.2044 | PPL: 3.33
  [ 52.7%] Step 14,400 | Loss: 1.2056 | PPL: 3.34
  [ 53.0%] Step 14,500 | Loss: 1.2038 | PPL: 3.33
  [ 53.4%] Step 14,600 | Loss: 1.2023 | PPL: 3.33
  [ 53.8%] Step 14,700 | Loss: 1.1999 | PPL: 3.32
  [ 54.1%] Step 14,800 | Loss: 1.2033 | PPL: 3.33
  [ 54.5%] Step 14,900 | Loss: 1.1982 | PPL: 3.31
  [ 54.9%] Step 15,000 | Loss: 1.1997 | PPL: 3.32
  [ 55.2%] Step 15,100 | Loss: 1.1997 | PPL: 3.32
  [ 55.6%] Step 15,200 | Loss: 1.1965 | PPL: 3.31
  [ 56.0%] Step 15,300 | Loss: 1.1989 | PPL: 3.32
  [ 56.3%] Step 15,400 | Loss: 1.2007 | PPL: 3.32
  [ 56.7%] Step 15,500 | Loss: 1.1946 | PPL: 3.30
  [ 57.1%] Step 15,600 | Loss: 1.1939 | PPL: 3.30
  [ 57.4%] Step 15,700 | Loss: 1.1954 | PPL: 3.30
  [ 57.8%] Step 15,800 | Loss: 1.1934 | PPL: 3.30
  [ 58.1%] Step 15,900 | Loss: 1.1947 | PPL: 3.30
  [ 58.5%] Step 16,000 | Loss: 1.1889 | PPL: 3.28
  [ 58.9%] Step 16,100 | Loss: 1.1908 | PPL: 3.29
  [ 59.2%] Step 16,200 | Loss: 1.1894 | PPL: 3.29
  [ 59.6%] Step 16,300 | Loss: 1.1918 | PPL: 3.29
  [ 60.0%] Step 16,400 | Loss: 1.1898 | PPL: 3.29
  [ 60.3%] Step 16,500 | Loss: 1.1886 | PPL: 3.28
  [ 60.7%] Step 16,600 | Loss: 1.1874 | PPL: 3.28
  [ 61.1%] Step 16,700 | Loss: 1.1851 | PPL: 3.27
  [ 61.4%] Step 16,800 | Loss: 1.1825 | PPL: 3.26
  [ 61.8%] Step 16,900 | Loss: 1.1832 | PPL: 3.26
  [ 62.2%] Step 17,000 | Loss: 1.1858 | PPL: 3.27
  [ 62.5%] Step 17,100 | Loss: 1.1814 | PPL: 3.26
  [ 62.9%] Step 17,200 | Loss: 1.1865 | PPL: 3.28
  [ 63.3%] Step 17,300 | Loss: 1.1810 | PPL: 3.26
  [ 63.6%] Step 17,400 | Loss: 1.1820 | PPL: 3.26
  [ 64.0%] Step 17,500 | Loss: 1.1791 | PPL: 3.25
  [ 64.4%] Step 17,600 | Loss: 1.1774 | PPL: 3.25
  [ 64.7%] Step 17,700 | Loss: 1.1767 | PPL: 3.24
  [ 65.1%] Step 17,800 | Loss: 1.1778 | PPL: 3.25
  [ 65.5%] Step 17,900 | Loss: 1.1765 | PPL: 3.24
  [ 65.8%] Step 18,000 | Loss: 1.1740 | PPL: 3.24
  [ 66.2%] Step 18,100 | Loss: 1.1775 | PPL: 3.25
  [ 66.6%] Step 18,200 | Loss: 1.1720 | PPL: 3.23
  [ 66.9%] Step 18,300 | Loss: 1.1759 | PPL: 3.24
  [ 67.3%] Step 18,400 | Loss: 1.1749 | PPL: 3.24
  [ 67.7%] Step 18,500 | Loss: 1.1750 | PPL: 3.24
  [ 68.0%] Step 18,600 | Loss: 1.1692 | PPL: 3.22
  [ 68.4%] Step 18,700 | Loss: 1.1706 | PPL: 3.22
  [ 68.8%] Step 18,800 | Loss: 1.1709 | PPL: 3.23
  [ 69.1%] Step 18,900 | Loss: 1.1680 | PPL: 3.22
  [ 69.5%] Step 19,000 | Loss: 1.1677 | PPL: 3.21
  [ 69.9%] Step 19,100 | Loss: 1.1676 | PPL: 3.21
  [ 70.2%] Step 19,200 | Loss: 1.1669 | PPL: 3.21
  [ 70.6%] Step 19,300 | Loss: 1.1668 | PPL: 3.21
  [ 70.9%] Step 19,400 | Loss: 1.1676 | PPL: 3.21
  [ 71.3%] Step 19,500 | Loss: 1.1667 | PPL: 3.21
  [ 71.7%] Step 19,600 | Loss: 1.1663 | PPL: 3.21
  [ 72.0%] Step 19,700 | Loss: 1.1647 | PPL: 3.21
  [ 72.4%] Step 19,800 | Loss: 1.1657 | PPL: 3.21
  [ 72.8%] Step 19,900 | Loss: 1.1637 | PPL: 3.20
  [ 73.1%] Step 20,000 | Loss: 1.1635 | PPL: 3.20
  [ 73.5%] Step 20,100 | Loss: 1.1647 | PPL: 3.20
  [ 73.9%] Step 20,200 | Loss: 1.1595 | PPL: 3.19
  [ 74.2%] Step 20,300 | Loss: 1.1622 | PPL: 3.20
  [ 74.6%] Step 20,400 | Loss: 1.1638 | PPL: 3.20
  [ 75.0%] Step 20,500 | Loss: 1.1617 | PPL: 3.20
  [ 75.3%] Step 20,600 | Loss: 1.1591 | PPL: 3.19
  [ 75.7%] Step 20,700 | Loss: 1.1574 | PPL: 3.18
  [ 76.1%] Step 20,800 | Loss: 1.1585 | PPL: 3.19
  [ 76.4%] Step 20,900 | Loss: 1.1555 | PPL: 3.18
  [ 76.8%] Step 21,000 | Loss: 1.1570 | PPL: 3.18
  [ 77.2%] Step 21,100 | Loss: 1.1544 | PPL: 3.17
  [ 77.5%] Step 21,200 | Loss: 1.1569 | PPL: 3.18
  [ 77.9%] Step 21,300 | Loss: 1.1556 | PPL: 3.18
  [ 78.3%] Step 21,400 | Loss: 1.1548 | PPL: 3.17
  [ 78.6%] Step 21,500 | Loss: 1.1492 | PPL: 3.16
  [ 79.0%] Step 21,600 | Loss: 1.1592 | PPL: 3.19
  [ 79.4%] Step 21,700 | Loss: 1.1530 | PPL: 3.17
  [ 79.7%] Step 21,800 | Loss: 1.1524 | PPL: 3.17
  [ 80.1%] Step 21,900 | Loss: 1.1527 | PPL: 3.17
  [ 80.5%] Step 22,000 | Loss: 1.1509 | PPL: 3.16
  [ 80.8%] Step 22,100 | Loss: 1.1454 | PPL: 3.14
  [ 81.2%] Step 22,200 | Loss: 1.1454 | PPL: 3.14
  [ 81.6%] Step 22,300 | Loss: 1.1521 | PPL: 3.16
  [ 81.9%] Step 22,400 | Loss: 1.1514 | PPL: 3.16
  [ 82.3%] Step 22,500 | Loss: 1.1501 | PPL: 3.16
  [ 82.7%] Step 22,600 | Loss: 1.1473 | PPL: 3.15
  [ 83.0%] Step 22,700 | Loss: 1.1483 | PPL: 3.15
  [ 83.4%] Step 22,800 | Loss: 1.1474 | PPL: 3.15
  [ 83.7%] Step 22,900 | Loss: 1.1482 | PPL: 3.15
  [ 84.1%] Step 23,000 | Loss: 1.1494 | PPL: 3.16
  [ 84.5%] Step 23,100 | Loss: 1.1445 | PPL: 3.14
  [ 84.8%] Step 23,200 | Loss: 1.1494 | PPL: 3.16
  [ 85.2%] Step 23,300 | Loss: 1.1448 | PPL: 3.14
  [ 85.6%] Step 23,400 | Loss: 1.1453 | PPL: 3.14
  [ 85.9%] Step 23,500 | Loss: 1.1448 | PPL: 3.14
  [ 86.3%] Step 23,600 | Loss: 1.1412 | PPL: 3.13
  [ 86.7%] Step 23,700 | Loss: 1.1424 | PPL: 3.13
  [ 87.0%] Step 23,800 | Loss: 1.1410 | PPL: 3.13
  [ 87.4%] Step 23,900 | Loss: 1.1408 | PPL: 3.13
  [ 87.8%] Step 24,000 | Loss: 1.1423 | PPL: 3.13
  [ 88.1%] Step 24,100 | Loss: 1.1438 | PPL: 3.14
  [ 88.5%] Step 24,200 | Loss: 1.1390 | PPL: 3.12
  [ 88.9%] Step 24,300 | Loss: 1.1419 | PPL: 3.13
  [ 89.2%] Step 24,400 | Loss: 1.1377 | PPL: 3.12
  [ 89.6%] Step 24,500 | Loss: 1.1390 | PPL: 3.12
  [ 90.0%] Step 24,600 | Loss: 1.1397 | PPL: 3.13
  [ 90.3%] Step 24,700 | Loss: 1.1376 | PPL: 3.12
  [ 90.7%] Step 24,800 | Loss: 1.1422 | PPL: 3.13
  [ 91.1%] Step 24,900 | Loss: 1.1369 | PPL: 3.12
  [ 91.4%] Step 25,000 | Loss: 1.1331 | PPL: 3.11
  [ 91.8%] Step 25,100 | Loss: 1.1374 | PPL: 3.12
  [ 92.2%] Step 25,200 | Loss: 1.1363 | PPL: 3.12
  [ 92.5%] Step 25,300 | Loss: 1.1367 | PPL: 3.12
  [ 92.9%] Step 25,400 | Loss: 1.1351 | PPL: 3.11
  [ 93.3%] Step 25,500 | Loss: 1.1364 | PPL: 3.12
  [ 93.6%] Step 25,600 | Loss: 1.1310 | PPL: 3.10
  [ 94.0%] Step 25,700 | Loss: 1.1347 | PPL: 3.11
  [ 94.4%] Step 25,800 | Loss: 1.1314 | PPL: 3.10
  [ 94.7%] Step 25,900 | Loss: 1.1348 | PPL: 3.11
  [ 95.1%] Step 26,000 | Loss: 1.1316 | PPL: 3.10
  [ 95.5%] Step 26,100 | Loss: 1.1315 | PPL: 3.10
  [ 95.8%] Step 26,200 | Loss: 1.1336 | PPL: 3.11
  [ 96.2%] Step 26,300 | Loss: 1.1329 | PPL: 3.10
  [ 96.5%] Step 26,400 | Loss: 1.1283 | PPL: 3.09
  [ 96.9%] Step 26,500 | Loss: 1.1320 | PPL: 3.10
  [ 97.3%] Step 26,600 | Loss: 1.1325 | PPL: 3.10
  [ 97.6%] Step 26,700 | Loss: 1.1323 | PPL: 3.10
  [ 98.0%] Step 26,800 | Loss: 1.1292 | PPL: 3.09
  [ 98.4%] Step 26,900 | Loss: 1.1311 | PPL: 3.10
  [ 98.7%] Step 27,000 | Loss: 1.1309 | PPL: 3.10
  [ 99.1%] Step 27,100 | Loss: 1.1305 | PPL: 3.10
  [ 99.5%] Step 27,200 | Loss: 1.1320 | PPL: 3.10
  [ 99.8%] Step 27,300 | Loss: 1.1287 | PPL: 3.09
  [100.0%] Step 27,344 | Loss: 1.1273 | PPL: 3.09
[Epoch 1/3] Validating...
[Epoch 1/3] Loss: 1.2014 | PPL: 3.32
  -> Saved best model to checkpoints_v5\ru_best.pt
[Epoch 2/3] Starting...
  [  0.2%] Step 27,400 | Loss: 1.1272 | PPL: 3.09
  [  0.6%] Step 27,500 | Loss: 1.1292 | PPL: 3.09
  [  0.9%] Step 27,600 | Loss: 1.1303 | PPL: 3.10
  [  1.3%] Step 27,700 | Loss: 1.1286 | PPL: 3.09
  [  1.7%] Step 27,800 | Loss: 1.1284 | PPL: 3.09
  [  2.0%] Step 27,900 | Loss: 1.1238 | PPL: 3.08
  [  2.4%] Step 28,000 | Loss: 1.1283 | PPL: 3.09
  [  2.8%] Step 28,100 | Loss: 1.1268 | PPL: 3.09
  [  3.1%] Step 28,200 | Loss: 1.1216 | PPL: 3.07
  [  3.5%] Step 28,300 | Loss: 1.1258 | PPL: 3.08
  [  3.9%] Step 28,400 | Loss: 1.1229 | PPL: 3.07
  [  4.2%] Step 28,500 | Loss: 1.1234 | PPL: 3.08
  [  4.6%] Step 28,600 | Loss: 1.1257 | PPL: 3.08
  [  5.0%] Step 28,700 | Loss: 1.1206 | PPL: 3.07
  [  5.3%] Step 28,800 | Loss: 1.1240 | PPL: 3.08
  [  5.7%] Step 28,900 | Loss: 1.1197 | PPL: 3.06
  [  6.1%] Step 29,000 | Loss: 1.1234 | PPL: 3.08
  [  6.4%] Step 29,100 | Loss: 1.1233 | PPL: 3.07
  [  6.8%] Step 29,200 | Loss: 1.1208 | PPL: 3.07
  [  7.2%] Step 29,300 | Loss: 1.1185 | PPL: 3.06
  [  7.5%] Step 29,400 | Loss: 1.1199 | PPL: 3.06
  [  7.9%] Step 29,500 | Loss: 1.1205 | PPL: 3.07
  [  8.3%] Step 29,600 | Loss: 1.1212 | PPL: 3.07
  [  8.6%] Step 29,700 | Loss: 1.1192 | PPL: 3.06
  [  9.0%] Step 29,800 | Loss: 1.1202 | PPL: 3.07
  [  9.3%] Step 29,900 | Loss: 1.1214 | PPL: 3.07
  [  9.7%] Step 30,000 | Loss: 1.1158 | PPL: 3.05
  [ 10.1%] Step 30,100 | Loss: 1.1193 | PPL: 3.06
  [ 10.4%] Step 30,200 | Loss: 1.1198 | PPL: 3.06
  [ 10.8%] Step 30,300 | Loss: 1.1178 | PPL: 3.06
  [ 11.2%] Step 30,400 | Loss: 1.1192 | PPL: 3.06
  [ 11.5%] Step 30,500 | Loss: 1.1152 | PPL: 3.05
  [ 11.9%] Step 30,600 | Loss: 1.1158 | PPL: 3.05
  [ 12.3%] Step 30,700 | Loss: 1.1180 | PPL: 3.06
  [ 12.6%] Step 30,800 | Loss: 1.1144 | PPL: 3.05
  [ 13.0%] Step 30,900 | Loss: 1.1156 | PPL: 3.05
  [ 13.4%] Step 31,000 | Loss: 1.1126 | PPL: 3.04
  [ 13.7%] Step 31,100 | Loss: 1.1152 | PPL: 3.05
  [ 14.1%] Step 31,200 | Loss: 1.1125 | PPL: 3.04
  [ 14.5%] Step 31,300 | Loss: 1.1147 | PPL: 3.05
  [ 14.8%] Step 31,400 | Loss: 1.1137 | PPL: 3.05
  [ 15.2%] Step 31,500 | Loss: 1.1124 | PPL: 3.04
  [ 15.6%] Step 31,600 | Loss: 1.1143 | PPL: 3.05
  [ 15.9%] Step 31,700 | Loss: 1.1111 | PPL: 3.04
  [ 16.3%] Step 31,800 | Loss: 1.1132 | PPL: 3.04
  [ 16.7%] Step 31,900 | Loss: 1.1129 | PPL: 3.04
  [ 17.0%] Step 32,000 | Loss: 1.1098 | PPL: 3.03
  [ 17.4%] Step 32,100 | Loss: 1.1115 | PPL: 3.04
  [ 17.8%] Step 32,200 | Loss: 1.1115 | PPL: 3.04
  [ 18.1%] Step 32,300 | Loss: 1.1132 | PPL: 3.04
  [ 18.5%] Step 32,400 | Loss: 1.1120 | PPL: 3.04
  [ 18.9%] Step 32,500 | Loss: 1.1105 | PPL: 3.04
  [ 19.2%] Step 32,600 | Loss: 1.1106 | PPL: 3.04
  [ 19.6%] Step 32,700 | Loss: 1.1102 | PPL: 3.04
  [ 20.0%] Step 32,800 | Loss: 1.1100 | PPL: 3.03
  [ 20.3%] Step 32,900 | Loss: 1.1110 | PPL: 3.04
  [ 20.7%] Step 33,000 | Loss: 1.1104 | PPL: 3.04
  [ 21.1%] Step 33,100 | Loss: 1.1072 | PPL: 3.03
  [ 21.4%] Step 33,200 | Loss: 1.1028 | PPL: 3.01
  [ 21.8%] Step 33,300 | Loss: 1.1046 | PPL: 3.02
  [ 22.1%] Step 33,400 | Loss: 1.1099 | PPL: 3.03
  [ 22.5%] Step 33,500 | Loss: 1.1077 | PPL: 3.03
  [ 22.9%] Step 33,600 | Loss: 1.1087 | PPL: 3.03
  [ 23.2%] Step 33,700 | Loss: 1.1058 | PPL: 3.02
  [ 23.6%] Step 33,800 | Loss: 1.1094 | PPL: 3.03
  [ 24.0%] Step 33,900 | Loss: 1.1078 | PPL: 3.03
  [ 24.3%] Step 34,000 | Loss: 1.1064 | PPL: 3.02
  [ 24.7%] Step 34,100 | Loss: 1.1084 | PPL: 3.03
  [ 25.1%] Step 34,200 | Loss: 1.1097 | PPL: 3.03
  [ 25.4%] Step 34,300 | Loss: 1.1068 | PPL: 3.02
  [ 25.8%] Step 34,400 | Loss: 1.1062 | PPL: 3.02
  [ 26.2%] Step 34,500 | Loss: 1.1074 | PPL: 3.03
  [ 26.5%] Step 34,600 | Loss: 1.1031 | PPL: 3.01
  [ 26.9%] Step 34,700 | Loss: 1.1042 | PPL: 3.02
  [ 27.3%] Step 34,800 | Loss: 1.1049 | PPL: 3.02
  [ 27.6%] Step 34,900 | Loss: 1.1076 | PPL: 3.03
  [ 28.0%] Step 35,000 | Loss: 1.1077 | PPL: 3.03
  [ 28.4%] Step 35,100 | Loss: 1.1012 | PPL: 3.01
  [ 28.7%] Step 35,200 | Loss: 1.1037 | PPL: 3.02
  [ 29.1%] Step 35,300 | Loss: 1.1029 | PPL: 3.01
  [ 29.5%] Step 35,400 | Loss: 1.1039 | PPL: 3.02
  [ 29.8%] Step 35,500 | Loss: 1.1032 | PPL: 3.01
  [ 30.2%] Step 35,600 | Loss: 1.1025 | PPL: 3.01
  [ 30.6%] Step 35,700 | Loss: 1.1031 | PPL: 3.01
  [ 30.9%] Step 35,800 | Loss: 1.0985 | PPL: 3.00
  [ 31.3%] Step 35,900 | Loss: 1.1032 | PPL: 3.01
  [ 31.7%] Step 36,000 | Loss: 1.1015 | PPL: 3.01
  [ 32.0%] Step 36,100 | Loss: 1.1003 | PPL: 3.01
  [ 32.4%] Step 36,200 | Loss: 1.1049 | PPL: 3.02
  [ 32.8%] Step 36,300 | Loss: 1.1014 | PPL: 3.01
  [ 33.1%] Step 36,400 | Loss: 1.0991 | PPL: 3.00
  [ 33.5%] Step 36,500 | Loss: 1.1028 | PPL: 3.01
  [ 33.9%] Step 36,600 | Loss: 1.0996 | PPL: 3.00
  [ 34.2%] Step 36,700 | Loss: 1.1029 | PPL: 3.01
  [ 34.6%] Step 36,800 | Loss: 1.0960 | PPL: 2.99
  [ 34.9%] Step 36,900 | Loss: 1.1000 | PPL: 3.00
  [ 35.3%] Step 37,000 | Loss: 1.0981 | PPL: 3.00
  [ 35.7%] Step 37,100 | Loss: 1.0982 | PPL: 3.00
  [ 36.0%] Step 37,200 | Loss: 1.0998 | PPL: 3.00
  [ 36.4%] Step 37,300 | Loss: 1.0970 | PPL: 3.00
  [ 36.8%] Step 37,400 | Loss: 1.0952 | PPL: 2.99
  [ 37.1%] Step 37,500 | Loss: 1.0990 | PPL: 3.00
  [ 37.5%] Step 37,600 | Loss: 1.0972 | PPL: 3.00
  [ 37.9%] Step 37,700 | Loss: 1.0980 | PPL: 3.00
  [ 38.2%] Step 37,800 | Loss: 1.0988 | PPL: 3.00
  [ 38.6%] Step 37,900 | Loss: 1.0968 | PPL: 2.99
  [ 39.0%] Step 38,000 | Loss: 1.1012 | PPL: 3.01
  [ 39.3%] Step 38,100 | Loss: 1.0993 | PPL: 3.00
  [ 39.7%] Step 38,200 | Loss: 1.0965 | PPL: 2.99
  [ 40.1%] Step 38,300 | Loss: 1.0977 | PPL: 3.00
  [ 40.4%] Step 38,400 | Loss: 1.0955 | PPL: 2.99
  [ 40.8%] Step 38,500 | Loss: 1.0943 | PPL: 2.99
  [ 41.2%] Step 38,600 | Loss: 1.0958 | PPL: 2.99
  [ 41.5%] Step 38,700 | Loss: 1.0960 | PPL: 2.99
  [ 41.9%] Step 38,800 | Loss: 1.0943 | PPL: 2.99
  [ 42.3%] Step 38,900 | Loss: 1.0954 | PPL: 2.99
  [ 42.6%] Step 39,000 | Loss: 1.0966 | PPL: 2.99
  [ 43.0%] Step 39,100 | Loss: 1.0943 | PPL: 2.99
  [ 43.4%] Step 39,200 | Loss: 1.0949 | PPL: 2.99
  [ 43.7%] Step 39,300 | Loss: 1.0941 | PPL: 2.99
  [ 44.1%] Step 39,400 | Loss: 1.0900 | PPL: 2.97
  [ 44.5%] Step 39,500 | Loss: 1.0951 | PPL: 2.99
  [ 44.8%] Step 39,600 | Loss: 1.0966 | PPL: 2.99
  [ 45.2%] Step 39,700 | Loss: 1.0924 | PPL: 2.98
  [ 45.6%] Step 39,800 | Loss: 1.0921 | PPL: 2.98
  [ 45.9%] Step 39,900 | Loss: 1.0922 | PPL: 2.98
  [ 46.3%] Step 40,000 | Loss: 1.0891 | PPL: 2.97
  [ 46.7%] Step 40,100 | Loss: 1.0899 | PPL: 2.97
  [ 47.0%] Step 40,200 | Loss: 1.0908 | PPL: 2.98
  [ 47.4%] Step 40,300 | Loss: 1.0934 | PPL: 2.98
  [ 47.7%] Step 40,400 | Loss: 1.0897 | PPL: 2.97
  [ 48.1%] Step 40,500 | Loss: 1.0902 | PPL: 2.97
  [ 48.5%] Step 40,600 | Loss: 1.0888 | PPL: 2.97
  [ 48.8%] Step 40,700 | Loss: 1.0899 | PPL: 2.97
  [ 49.2%] Step 40,800 | Loss: 1.0911 | PPL: 2.98
  [ 49.6%] Step 40,900 | Loss: 1.0885 | PPL: 2.97
  [ 49.9%] Step 41,000 | Loss: 1.0900 | PPL: 2.97
  [ 50.3%] Step 41,100 | Loss: 1.0873 | PPL: 2.97
  [ 50.7%] Step 41,200 | Loss: 1.0889 | PPL: 2.97
  [ 51.0%] Step 41,300 | Loss: 1.0872 | PPL: 2.97
  [ 51.4%] Step 41,400 | Loss: 1.0888 | PPL: 2.97
  [ 51.8%] Step 41,500 | Loss: 1.0892 | PPL: 2.97
  [ 52.1%] Step 41,600 | Loss: 1.0909 | PPL: 2.98
  [ 52.5%] Step 41,700 | Loss: 1.0898 | PPL: 2.97
  [ 52.9%] Step 41,800 | Loss: 1.0862 | PPL: 2.96
  [ 53.2%] Step 41,900 | Loss: 1.0875 | PPL: 2.97
  [ 53.6%] Step 42,000 | Loss: 1.0876 | PPL: 2.97
  [ 54.0%] Step 42,100 | Loss: 1.0847 | PPL: 2.96
  [ 54.3%] Step 42,200 | Loss: 1.0864 | PPL: 2.96
  [ 54.7%] Step 42,300 | Loss: 1.0849 | PPL: 2.96
  [ 55.1%] Step 42,400 | Loss: 1.0850 | PPL: 2.96
  [ 55.4%] Step 42,500 | Loss: 1.0852 | PPL: 2.96
  [ 55.8%] Step 42,600 | Loss: 1.0859 | PPL: 2.96
  [ 56.2%] Step 42,700 | Loss: 1.0849 | PPL: 2.96
  [ 56.5%] Step 42,800 | Loss: 1.0874 | PPL: 2.97
  [ 56.9%] Step 42,900 | Loss: 1.0843 | PPL: 2.96
  [ 57.3%] Step 43,000 | Loss: 1.0844 | PPL: 2.96
  [ 57.6%] Step 43,100 | Loss: 1.0852 | PPL: 2.96
  [ 58.0%] Step 43,200 | Loss: 1.0841 | PPL: 2.96
  [ 58.4%] Step 43,300 | Loss: 1.0856 | PPL: 2.96
  [ 58.7%] Step 43,400 | Loss: 1.0843 | PPL: 2.96
  [ 59.1%] Step 43,500 | Loss: 1.0845 | PPL: 2.96
  [ 59.4%] Step 43,600 | Loss: 1.0862 | PPL: 2.96
  [ 59.8%] Step 43,700 | Loss: 1.0845 | PPL: 2.96
  [ 60.2%] Step 43,800 | Loss: 1.0851 | PPL: 2.96
  [ 60.5%] Step 43,900 | Loss: 1.0838 | PPL: 2.96
  [ 60.9%] Step 44,000 | Loss: 1.0856 | PPL: 2.96
  [ 61.3%] Step 44,100 | Loss: 1.0821 | PPL: 2.95
  [ 61.6%] Step 44,200 | Loss: 1.0830 | PPL: 2.95
  [ 62.0%] Step 44,300 | Loss: 1.0791 | PPL: 2.94
  [ 62.4%] Step 44,400 | Loss: 1.0850 | PPL: 2.96
  [ 62.7%] Step 44,500 | Loss: 1.0838 | PPL: 2.96
  [ 63.1%] Step 44,600 | Loss: 1.0825 | PPL: 2.95
  [ 63.5%] Step 44,700 | Loss: 1.0818 | PPL: 2.95
  [ 63.8%] Step 44,800 | Loss: 1.0781 | PPL: 2.94
  [ 64.2%] Step 44,900 | Loss: 1.0823 | PPL: 2.95
  [ 64.6%] Step 45,000 | Loss: 1.0815 | PPL: 2.95
  [ 64.9%] Step 45,100 | Loss: 1.0811 | PPL: 2.95
  [ 65.3%] Step 45,200 | Loss: 1.0832 | PPL: 2.95
  [ 65.7%] Step 45,300 | Loss: 1.0796 | PPL: 2.94
  [ 66.0%] Step 45,400 | Loss: 1.0799 | PPL: 2.94
  [ 66.4%] Step 45,500 | Loss: 1.0782 | PPL: 2.94
  [ 66.8%] Step 45,600 | Loss: 1.0823 | PPL: 2.95
  [ 67.1%] Step 45,700 | Loss: 1.0810 | PPL: 2.95
  [ 67.5%] Step 45,800 | Loss: 1.0808 | PPL: 2.95
  [ 67.9%] Step 45,900 | Loss: 1.0785 | PPL: 2.94
  [ 68.2%] Step 46,000 | Loss: 1.0810 | PPL: 2.95
  [ 68.6%] Step 46,100 | Loss: 1.0803 | PPL: 2.95
  [ 69.0%] Step 46,200 | Loss: 1.0769 | PPL: 2.94
  [ 69.3%] Step 46,300 | Loss: 1.0820 | PPL: 2.95
  [ 69.7%] Step 46,400 | Loss: 1.0785 | PPL: 2.94
  [ 70.1%] Step 46,500 | Loss: 1.0791 | PPL: 2.94
  [ 70.4%] Step 46,600 | Loss: 1.0765 | PPL: 2.93
  [ 70.8%] Step 46,700 | Loss: 1.0786 | PPL: 2.94
  [ 71.2%] Step 46,800 | Loss: 1.0801 | PPL: 2.94
  [ 71.5%] Step 46,900 | Loss: 1.0769 | PPL: 2.94
  [ 71.9%] Step 47,000 | Loss: 1.0796 | PPL: 2.94
  [ 72.2%] Step 47,100 | Loss: 1.0767 | PPL: 2.93
  [ 72.6%] Step 47,200 | Loss: 1.0775 | PPL: 2.94
  [ 73.0%] Step 47,300 | Loss: 1.0783 | PPL: 2.94
  [ 73.3%] Step 47,400 | Loss: 1.0763 | PPL: 2.93
  [ 73.7%] Step 47,500 | Loss: 1.0769 | PPL: 2.94
  [ 74.1%] Step 47,600 | Loss: 1.0758 | PPL: 2.93
  [ 74.4%] Step 47,700 | Loss: 1.0788 | PPL: 2.94
  [ 74.8%] Step 47,800 | Loss: 1.0768 | PPL: 2.94
  [ 75.2%] Step 47,900 | Loss: 1.0758 | PPL: 2.93
  [ 75.5%] Step 48,000 | Loss: 1.0766 | PPL: 2.93
  [ 75.9%] Step 48,100 | Loss: 1.0729 | PPL: 2.92
  [ 76.3%] Step 48,200 | Loss: 1.0743 | PPL: 2.93
  [ 76.6%] Step 48,300 | Loss: 1.0756 | PPL: 2.93
  [ 77.0%] Step 48,400 | Loss: 1.0751 | PPL: 2.93
  [ 77.4%] Step 48,500 | Loss: 1.0761 | PPL: 2.93
  [ 77.7%] Step 48,600 | Loss: 1.0736 | PPL: 2.93
  [ 78.1%] Step 48,700 | Loss: 1.0763 | PPL: 2.93
  [ 78.5%] Step 48,800 | Loss: 1.0745 | PPL: 2.93
  [ 78.8%] Step 48,900 | Loss: 1.0749 | PPL: 2.93
  [ 79.2%] Step 49,000 | Loss: 1.0753 | PPL: 2.93
  [ 79.6%] Step 49,100 | Loss: 1.0755 | PPL: 2.93
  [ 79.9%] Step 49,200 | Loss: 1.0715 | PPL: 2.92
  [ 80.3%] Step 49,300 | Loss: 1.0770 | PPL: 2.94
  [ 80.7%] Step 49,400 | Loss: 1.0708 | PPL: 2.92
  [ 81.0%] Step 49,500 | Loss: 1.0735 | PPL: 2.93
  [ 81.4%] Step 49,600 | Loss: 1.0727 | PPL: 2.92
  [ 81.8%] Step 49,700 | Loss: 1.0721 | PPL: 2.92
  [ 82.1%] Step 49,800 | Loss: 1.0734 | PPL: 2.93
  [ 82.5%] Step 49,900 | Loss: 1.0749 | PPL: 2.93
  [ 82.9%] Step 50,000 | Loss: 1.0713 | PPL: 2.92
  [ 83.2%] Step 50,100 | Loss: 1.0728 | PPL: 2.92
  [ 83.6%] Step 50,200 | Loss: 1.0726 | PPL: 2.92
  [ 84.0%] Step 50,300 | Loss: 1.0730 | PPL: 2.92
  [ 84.3%] Step 50,400 | Loss: 1.0711 | PPL: 2.92
  [ 84.7%] Step 50,500 | Loss: 1.0757 | PPL: 2.93
  [ 85.0%] Step 50,600 | Loss: 1.0711 | PPL: 2.92
  [ 85.4%] Step 50,700 | Loss: 1.0714 | PPL: 2.92
  [ 85.8%] Step 50,800 | Loss: 1.0722 | PPL: 2.92
  [ 86.1%] Step 50,900 | Loss: 1.0732 | PPL: 2.92
  [ 86.5%] Step 51,000 | Loss: 1.0718 | PPL: 2.92
  [ 86.9%] Step 51,100 | Loss: 1.0690 | PPL: 2.91
  [ 87.2%] Step 51,200 | Loss: 1.0729 | PPL: 2.92
  [ 87.6%] Step 51,300 | Loss: 1.0715 | PPL: 2.92
  [ 88.0%] Step 51,400 | Loss: 1.0712 | PPL: 2.92
  [ 88.3%] Step 51,500 | Loss: 1.0683 | PPL: 2.91
  [ 88.7%] Step 51,600 | Loss: 1.0711 | PPL: 2.92
  [ 89.1%] Step 51,700 | Loss: 1.0688 | PPL: 2.91
  [ 89.4%] Step 51,800 | Loss: 1.0724 | PPL: 2.92
  [ 89.8%] Step 51,900 | Loss: 1.0705 | PPL: 2.92
  [ 90.2%] Step 52,000 | Loss: 1.0711 | PPL: 2.92
  [ 90.5%] Step 52,100 | Loss: 1.0674 | PPL: 2.91
  [ 90.9%] Step 52,200 | Loss: 1.0668 | PPL: 2.91
  [ 91.3%] Step 52,300 | Loss: 1.0704 | PPL: 2.92
  [ 91.6%] Step 52,400 | Loss: 1.0685 | PPL: 2.91
  [ 92.0%] Step 52,500 | Loss: 1.0690 | PPL: 2.91
  [ 92.4%] Step 52,600 | Loss: 1.0701 | PPL: 2.92
  [ 92.7%] Step 52,700 | Loss: 1.0673 | PPL: 2.91
  [ 93.1%] Step 52,800 | Loss: 1.0671 | PPL: 2.91
  [ 93.5%] Step 52,900 | Loss: 1.0678 | PPL: 2.91
  [ 93.8%] Step 53,000 | Loss: 1.0682 | PPL: 2.91
  [ 94.2%] Step 53,100 | Loss: 1.0678 | PPL: 2.91
  [ 94.6%] Step 53,200 | Loss: 1.0675 | PPL: 2.91
  [ 94.9%] Step 53,300 | Loss: 1.0709 | PPL: 2.92
  [ 95.3%] Step 53,400 | Loss: 1.0681 | PPL: 2.91
  [ 95.7%] Step 53,500 | Loss: 1.0689 | PPL: 2.91
  [ 96.0%] Step 53,600 | Loss: 1.0666 | PPL: 2.91
  [ 96.4%] Step 53,700 | Loss: 1.0696 | PPL: 2.91
  [ 96.8%] Step 53,800 | Loss: 1.0682 | PPL: 2.91
  [ 97.1%] Step 53,900 | Loss: 1.0668 | PPL: 2.91
  [ 97.5%] Step 54,000 | Loss: 1.0700 | PPL: 2.92
  [ 97.8%] Step 54,100 | Loss: 1.0634 | PPL: 2.90
  [ 98.2%] Step 54,200 | Loss: 1.0692 | PPL: 2.91
  [ 98.6%] Step 54,300 | Loss: 1.0678 | PPL: 2.91
  [ 98.9%] Step 54,400 | Loss: 1.0662 | PPL: 2.90
  [ 99.3%] Step 54,500 | Loss: 1.0660 | PPL: 2.90
  [ 99.7%] Step 54,600 | Loss: 1.0667 | PPL: 2.91
  [100.0%] Step 54,688 | Loss: 1.0657 | PPL: 2.90
[Epoch 2/3] Validating...
[Epoch 2/3] Loss: 1.1681 | PPL: 3.22
  -> Saved best model to checkpoints_v5\ru_best.pt
[Epoch 3/3] Starting...
  [  0.0%] Step 54,700 | Loss: 1.0746 | PPL: 2.93
  [  0.4%] Step 54,800 | Loss: 1.0653 | PPL: 2.90
  [  0.8%] Step 54,900 | Loss: 1.0654 | PPL: 2.90
  [  1.1%] Step 55,000 | Loss: 1.0643 | PPL: 2.90
  [  1.5%] Step 55,100 | Loss: 1.0646 | PPL: 2.90
  [  1.9%] Step 55,200 | Loss: 1.0640 | PPL: 2.90
  [  2.2%] Step 55,300 | Loss: 1.0650 | PPL: 2.90
  [  2.6%] Step 55,400 | Loss: 1.0644 | PPL: 2.90
  [  3.0%] Step 55,500 | Loss: 1.0637 | PPL: 2.90
  [  3.3%] Step 55,600 | Loss: 1.0625 | PPL: 2.89
  [  3.7%] Step 55,700 | Loss: 1.0642 | PPL: 2.90
  [  4.1%] Step 55,800 | Loss: 1.0656 | PPL: 2.90
  [  4.4%] Step 55,900 | Loss: 1.0632 | PPL: 2.90
  [  4.8%] Step 56,000 | Loss: 1.0630 | PPL: 2.90
  [  5.2%] Step 56,100 | Loss: 1.0647 | PPL: 2.90
  [  5.5%] Step 56,200 | Loss: 1.0642 | PPL: 2.90
  [  5.9%] Step 56,300 | Loss: 1.0644 | PPL: 2.90
  [  6.3%] Step 56,400 | Loss: 1.0644 | PPL: 2.90
  [  6.6%] Step 56,500 | Loss: 1.0611 | PPL: 2.89
  [  7.0%] Step 56,600 | Loss: 1.0627 | PPL: 2.89
  [  7.4%] Step 56,700 | Loss: 1.0617 | PPL: 2.89
  [  7.7%] Step 56,800 | Loss: 1.0639 | PPL: 2.90
  [  8.1%] Step 56,900 | Loss: 1.0645 | PPL: 2.90
  [  8.5%] Step 57,000 | Loss: 1.0640 | PPL: 2.90
  [  8.8%] Step 57,100 | Loss: 1.0638 | PPL: 2.90
  [  9.2%] Step 57,200 | Loss: 1.0638 | PPL: 2.90
  [  9.6%] Step 57,300 | Loss: 1.0662 | PPL: 2.90
  [  9.9%] Step 57,400 | Loss: 1.0630 | PPL: 2.89
  [ 10.3%] Step 57,500 | Loss: 1.0640 | PPL: 2.90
  [ 10.6%] Step 57,600 | Loss: 1.0615 | PPL: 2.89
  [ 11.0%] Step 57,700 | Loss: 1.0631 | PPL: 2.90
  [ 11.4%] Step 57,800 | Loss: 1.0646 | PPL: 2.90
  [ 11.7%] Step 57,900 | Loss: 1.0607 | PPL: 2.89
  [ 12.1%] Step 58,000 | Loss: 1.0627 | PPL: 2.89
  [ 12.5%] Step 58,100 | Loss: 1.0590 | PPL: 2.88
  [ 12.8%] Step 58,200 | Loss: 1.0625 | PPL: 2.89
  [ 13.2%] Step 58,300 | Loss: 1.0617 | PPL: 2.89
  [ 13.6%] Step 58,400 | Loss: 1.0624 | PPL: 2.89
  [ 13.9%] Step 58,500 | Loss: 1.0664 | PPL: 2.90
  [ 14.3%] Step 58,600 | Loss: 1.0607 | PPL: 2.89
  [ 14.7%] Step 58,700 | Loss: 1.0617 | PPL: 2.89
  [ 15.0%] Step 58,800 | Loss: 1.0605 | PPL: 2.89
  [ 15.4%] Step 58,900 | Loss: 1.0595 | PPL: 2.88
  [ 15.8%] Step 59,000 | Loss: 1.0574 | PPL: 2.88
  [ 16.1%] Step 59,100 | Loss: 1.0567 | PPL: 2.88
  [ 16.5%] Step 59,200 | Loss: 1.0581 | PPL: 2.88
  [ 16.9%] Step 59,300 | Loss: 1.0580 | PPL: 2.88
  [ 17.2%] Step 59,400 | Loss: 1.0567 | PPL: 2.88
  [ 17.6%] Step 59,500 | Loss: 1.0618 | PPL: 2.89
  [ 18.0%] Step 59,600 | Loss: 1.0557 | PPL: 2.87
  [ 18.3%] Step 59,700 | Loss: 1.0568 | PPL: 2.88
  [ 18.7%] Step 59,800 | Loss: 1.0612 | PPL: 2.89
  [ 19.1%] Step 59,900 | Loss: 1.0582 | PPL: 2.88
  [ 19.4%] Step 60,000 | Loss: 1.0575 | PPL: 2.88
  [ 19.8%] Step 60,100 | Loss: 1.0575 | PPL: 2.88
  [ 20.2%] Step 60,200 | Loss: 1.0593 | PPL: 2.88
  [ 20.5%] Step 60,300 | Loss: 1.0602 | PPL: 2.89
  [ 20.9%] Step 60,400 | Loss: 1.0550 | PPL: 2.87
  [ 21.3%] Step 60,500 | Loss: 1.0584 | PPL: 2.88
  [ 21.6%] Step 60,600 | Loss: 1.0576 | PPL: 2.88
  [ 22.0%] Step 60,700 | Loss: 1.0596 | PPL: 2.89
  [ 22.4%] Step 60,800 | Loss: 1.0551 | PPL: 2.87
  [ 22.7%] Step 60,900 | Loss: 1.0576 | PPL: 2.88
  [ 23.1%] Step 61,000 | Loss: 1.0595 | PPL: 2.88
  [ 23.4%] Step 61,100 | Loss: 1.0566 | PPL: 2.88
  [ 23.8%] Step 61,200 | Loss: 1.0559 | PPL: 2.87
  [ 24.2%] Step 61,300 | Loss: 1.0570 | PPL: 2.88
  [ 24.5%] Step 61,400 | Loss: 1.0598 | PPL: 2.89
  [ 24.9%] Step 61,500 | Loss: 1.0531 | PPL: 2.87
  [ 25.3%] Step 61,600 | Loss: 1.0565 | PPL: 2.88
  [ 25.6%] Step 61,700 | Loss: 1.0561 | PPL: 2.88
  [ 26.0%] Step 61,800 | Loss: 1.0569 | PPL: 2.88
  [ 26.4%] Step 61,900 | Loss: 1.0582 | PPL: 2.88
  [ 26.7%] Step 62,000 | Loss: 1.0561 | PPL: 2.88
  [ 27.1%] Step 62,100 | Loss: 1.0559 | PPL: 2.87
  [ 27.5%] Step 62,200 | Loss: 1.0546 | PPL: 2.87
  [ 27.8%] Step 62,300 | Loss: 1.0585 | PPL: 2.88
  [ 28.2%] Step 62,400 | Loss: 1.0569 | PPL: 2.88
  [ 28.6%] Step 62,500 | Loss: 1.0571 | PPL: 2.88
  [ 28.9%] Step 62,600 | Loss: 1.0541 | PPL: 2.87
  [ 29.3%] Step 62,700 | Loss: 1.0578 | PPL: 2.88
  [ 29.7%] Step 62,800 | Loss: 1.0566 | PPL: 2.88
  [ 30.0%] Step 62,900 | Loss: 1.0572 | PPL: 2.88
  [ 30.4%] Step 63,000 | Loss: 1.0531 | PPL: 2.87
  [ 30.8%] Step 63,100 | Loss: 1.0546 | PPL: 2.87
  [ 31.1%] Step 63,200 | Loss: 1.0553 | PPL: 2.87
  [ 31.5%] Step 63,300 | Loss: 1.0551 | PPL: 2.87
  [ 31.9%] Step 63,400 | Loss: 1.0530 | PPL: 2.87
  [ 32.2%] Step 63,500 | Loss: 1.0512 | PPL: 2.86
  [ 32.6%] Step 63,600 | Loss: 1.0537 | PPL: 2.87
  [ 33.0%] Step 63,700 | Loss: 1.0543 | PPL: 2.87
  [ 33.3%] Step 63,800 | Loss: 1.0559 | PPL: 2.87
  [ 33.7%] Step 63,900 | Loss: 1.0552 | PPL: 2.87
  [ 34.1%] Step 64,000 | Loss: 1.0539 | PPL: 2.87
  [ 34.4%] Step 64,100 | Loss: 1.0549 | PPL: 2.87
  [ 34.8%] Step 64,200 | Loss: 1.0565 | PPL: 2.88
  [ 35.2%] Step 64,300 | Loss: 1.0550 | PPL: 2.87
  [ 35.5%] Step 64,400 | Loss: 1.0532 | PPL: 2.87
  [ 35.9%] Step 64,500 | Loss: 1.0538 | PPL: 2.87
  [ 36.2%] Step 64,600 | Loss: 1.0502 | PPL: 2.86
  [ 36.6%] Step 64,700 | Loss: 1.0535 | PPL: 2.87
  [ 37.0%] Step 64,800 | Loss: 1.0519 | PPL: 2.86
  [ 37.3%] Step 64,900 | Loss: 1.0510 | PPL: 2.86
  [ 37.7%] Step 65,000 | Loss: 1.0513 | PPL: 2.86
  [ 38.1%] Step 65,100 | Loss: 1.0509 | PPL: 2.86
  [ 38.4%] Step 65,200 | Loss: 1.0508 | PPL: 2.86
  [ 38.8%] Step 65,300 | Loss: 1.0527 | PPL: 2.87
  [ 39.2%] Step 65,400 | Loss: 1.0496 | PPL: 2.86
  [ 39.5%] Step 65,500 | Loss: 1.0521 | PPL: 2.86
  [ 39.9%] Step 65,600 | Loss: 1.0500 | PPL: 2.86
  [ 40.3%] Step 65,700 | Loss: 1.0534 | PPL: 2.87
  [ 40.6%] Step 65,800 | Loss: 1.0529 | PPL: 2.87
  [ 41.0%] Step 65,900 | Loss: 1.0490 | PPL: 2.85
  [ 41.4%] Step 66,000 | Loss: 1.0514 | PPL: 2.86
  [ 41.7%] Step 66,100 | Loss: 1.0505 | PPL: 2.86
  [ 42.1%] Step 66,200 | Loss: 1.0530 | PPL: 2.87
  [ 42.5%] Step 66,300 | Loss: 1.0497 | PPL: 2.86
  [ 42.8%] Step 66,400 | Loss: 1.0560 | PPL: 2.87
  [ 43.2%] Step 66,500 | Loss: 1.0504 | PPL: 2.86
  [ 43.6%] Step 66,600 | Loss: 1.0525 | PPL: 2.86
  [ 43.9%] Step 66,700 | Loss: 1.0513 | PPL: 2.86
  [ 44.3%] Step 66,800 | Loss: 1.0499 | PPL: 2.86
  [ 44.7%] Step 66,900 | Loss: 1.0489 | PPL: 2.85
  [ 45.0%] Step 67,000 | Loss: 1.0475 | PPL: 2.85
  [ 45.4%] Step 67,100 | Loss: 1.0527 | PPL: 2.87
  [ 45.8%] Step 67,200 | Loss: 1.0471 | PPL: 2.85
  [ 46.1%] Step 67,300 | Loss: 1.0519 | PPL: 2.86
  [ 46.5%] Step 67,400 | Loss: 1.0525 | PPL: 2.86
  [ 46.9%] Step 67,500 | Loss: 1.0516 | PPL: 2.86
  [ 47.2%] Step 67,600 | Loss: 1.0500 | PPL: 2.86
  [ 47.6%] Step 67,700 | Loss: 1.0510 | PPL: 2.86
  [ 48.0%] Step 67,800 | Loss: 1.0500 | PPL: 2.86
  [ 48.3%] Step 67,900 | Loss: 1.0475 | PPL: 2.85
  [ 48.7%] Step 68,000 | Loss: 1.0522 | PPL: 2.86
  [ 49.0%] Step 68,100 | Loss: 1.0490 | PPL: 2.85
  [ 49.4%] Step 68,200 | Loss: 1.0486 | PPL: 2.85
  [ 49.8%] Step 68,300 | Loss: 1.0486 | PPL: 2.85
  [ 50.1%] Step 68,400 | Loss: 1.0490 | PPL: 2.85
  [ 50.5%] Step 68,500 | Loss: 1.0485 | PPL: 2.85
  [ 50.9%] Step 68,600 | Loss: 1.0496 | PPL: 2.86
  [ 51.2%] Step 68,700 | Loss: 1.0478 | PPL: 2.85
  [ 51.6%] Step 68,800 | Loss: 1.0450 | PPL: 2.84
  [ 52.0%] Step 68,900 | Loss: 1.0481 | PPL: 2.85
  [ 52.3%] Step 69,000 | Loss: 1.0486 | PPL: 2.85
  [ 52.7%] Step 69,100 | Loss: 1.0487 | PPL: 2.85
  [ 53.1%] Step 69,200 | Loss: 1.0510 | PPL: 2.86
  [ 53.4%] Step 69,300 | Loss: 1.0462 | PPL: 2.85
  [ 53.8%] Step 69,400 | Loss: 1.0477 | PPL: 2.85
  [ 54.2%] Step 69,500 | Loss: 1.0459 | PPL: 2.85
  [ 54.5%] Step 69,600 | Loss: 1.0503 | PPL: 2.86
  [ 54.9%] Step 69,700 | Loss: 1.0475 | PPL: 2.85
  [ 55.3%] Step 69,800 | Loss: 1.0501 | PPL: 2.86
  [ 55.6%] Step 69,900 | Loss: 1.0514 | PPL: 2.86
  [ 56.0%] Step 70,000 | Loss: 1.0465 | PPL: 2.85
  [ 56.4%] Step 70,100 | Loss: 1.0454 | PPL: 2.84
  [ 56.7%] Step 70,200 | Loss: 1.0479 | PPL: 2.85
  [ 57.1%] Step 70,300 | Loss: 1.0475 | PPL: 2.85
  [ 57.5%] Step 70,400 | Loss: 1.0462 | PPL: 2.85
  [ 57.8%] Step 70,500 | Loss: 1.0456 | PPL: 2.85
  [ 58.2%] Step 70,600 | Loss: 1.0481 | PPL: 2.85
  [ 58.6%] Step 70,700 | Loss: 1.0492 | PPL: 2.86
  [ 58.9%] Step 70,800 | Loss: 1.0463 | PPL: 2.85
  [ 59.3%] Step 70,900 | Loss: 1.0484 | PPL: 2.85
  [ 59.7%] Step 71,000 | Loss: 1.0467 | PPL: 2.85
  [ 60.0%] Step 71,100 | Loss: 1.0453 | PPL: 2.84
  [ 60.4%] Step 71,200 | Loss: 1.0444 | PPL: 2.84
  [ 60.8%] Step 71,300 | Loss: 1.0466 | PPL: 2.85
  [ 61.1%] Step 71,400 | Loss: 1.0467 | PPL: 2.85
  [ 61.5%] Step 71,500 | Loss: 1.0467 | PPL: 2.85
  [ 61.8%] Step 71,600 | Loss: 1.0473 | PPL: 2.85
  [ 62.2%] Step 71,700 | Loss: 1.0461 | PPL: 2.85
  [ 62.6%] Step 71,800 | Loss: 1.0456 | PPL: 2.85
  [ 62.9%] Step 71,900 | Loss: 1.0457 | PPL: 2.85
  [ 63.3%] Step 72,000 | Loss: 1.0474 | PPL: 2.85
  [ 63.7%] Step 72,100 | Loss: 1.0487 | PPL: 2.85
  [ 64.0%] Step 72,200 | Loss: 1.0457 | PPL: 2.85
  [ 64.4%] Step 72,300 | Loss: 1.0420 | PPL: 2.83
  [ 64.8%] Step 72,400 | Loss: 1.0436 | PPL: 2.84
  [ 65.1%] Step 72,500 | Loss: 1.0488 | PPL: 2.85
  [ 65.5%] Step 72,600 | Loss: 1.0457 | PPL: 2.85
  [ 65.9%] Step 72,700 | Loss: 1.0480 | PPL: 2.85
  [ 66.2%] Step 72,800 | Loss: 1.0463 | PPL: 2.85
  [ 66.6%] Step 72,900 | Loss: 1.0453 | PPL: 2.84
  [ 67.0%] Step 73,000 | Loss: 1.0457 | PPL: 2.85
  [ 67.3%] Step 73,100 | Loss: 1.0440 | PPL: 2.84
  [ 67.7%] Step 73,200 | Loss: 1.0444 | PPL: 2.84
  [ 68.1%] Step 73,300 | Loss: 1.0416 | PPL: 2.83
  [ 68.4%] Step 73,400 | Loss: 1.0431 | PPL: 2.84
  [ 68.8%] Step 73,500 | Loss: 1.0449 | PPL: 2.84
  [ 69.2%] Step 73,600 | Loss: 1.0425 | PPL: 2.84
  [ 69.5%] Step 73,700 | Loss: 1.0441 | PPL: 2.84
  [ 69.9%] Step 73,800 | Loss: 1.0448 | PPL: 2.84
  [ 70.3%] Step 73,900 | Loss: 1.0471 | PPL: 2.85
  [ 70.6%] Step 74,000 | Loss: 1.0412 | PPL: 2.83
  [ 71.0%] Step 74,100 | Loss: 1.0452 | PPL: 2.84
  [ 71.4%] Step 74,200 | Loss: 1.0446 | PPL: 2.84
  [ 71.7%] Step 74,300 | Loss: 1.0443 | PPL: 2.84
  [ 72.1%] Step 74,400 | Loss: 1.0433 | PPL: 2.84
  [ 72.5%] Step 74,500 | Loss: 1.0450 | PPL: 2.84
  [ 72.8%] Step 74,600 | Loss: 1.0427 | PPL: 2.84
  [ 73.2%] Step 74,700 | Loss: 1.0440 | PPL: 2.84
  [ 73.6%] Step 74,800 | Loss: 1.0462 | PPL: 2.85
  [ 73.9%] Step 74,900 | Loss: 1.0470 | PPL: 2.85
  [ 74.3%] Step 75,000 | Loss: 1.0428 | PPL: 2.84
  [ 74.6%] Step 75,100 | Loss: 1.0426 | PPL: 2.84
  [ 75.0%] Step 75,200 | Loss: 1.0447 | PPL: 2.84
  [ 75.4%] Step 75,300 | Loss: 1.0402 | PPL: 2.83
  [ 75.7%] Step 75,400 | Loss: 1.0424 | PPL: 2.84
  [ 76.1%] Step 75,500 | Loss: 1.0409 | PPL: 2.83
  [ 76.5%] Step 75,600 | Loss: 1.0405 | PPL: 2.83
  [ 76.8%] Step 75,700 | Loss: 1.0398 | PPL: 2.83
  [ 77.2%] Step 75,800 | Loss: 1.0406 | PPL: 2.83
  [ 77.6%] Step 75,900 | Loss: 1.0407 | PPL: 2.83
  [ 77.9%] Step 76,000 | Loss: 1.0408 | PPL: 2.83
  [ 78.3%] Step 76,100 | Loss: 1.0420 | PPL: 2.83
  [ 78.7%] Step 76,200 | Loss: 1.0406 | PPL: 2.83
  [ 79.0%] Step 76,300 | Loss: 1.0418 | PPL: 2.83
  [ 79.4%] Step 76,400 | Loss: 1.0427 | PPL: 2.84
  [ 79.8%] Step 76,500 | Loss: 1.0407 | PPL: 2.83
  [ 80.1%] Step 76,600 | Loss: 1.0443 | PPL: 2.84
  [ 80.5%] Step 76,700 | Loss: 1.0417 | PPL: 2.83
  [ 80.9%] Step 76,800 | Loss: 1.0450 | PPL: 2.84
  [ 81.2%] Step 76,900 | Loss: 1.0399 | PPL: 2.83
  [ 81.6%] Step 77,000 | Loss: 1.0452 | PPL: 2.84
  [ 82.0%] Step 77,100 | Loss: 1.0398 | PPL: 2.83
  [ 82.3%] Step 77,200 | Loss: 1.0387 | PPL: 2.83
  [ 82.7%] Step 77,300 | Loss: 1.0393 | PPL: 2.83
  [ 83.1%] Step 77,400 | Loss: 1.0423 | PPL: 2.84
  [ 83.4%] Step 77,500 | Loss: 1.0410 | PPL: 2.83
  [ 83.8%] Step 77,600 | Loss: 1.0405 | PPL: 2.83
  [ 84.2%] Step 77,700 | Loss: 1.0420 | PPL: 2.83
  [ 84.5%] Step 77,800 | Loss: 1.0409 | PPL: 2.83
  [ 84.9%] Step 77,900 | Loss: 1.0403 | PPL: 2.83
  [ 85.3%] Step 78,000 | Loss: 1.0407 | PPL: 2.83
  [ 85.6%] Step 78,100 | Loss: 1.0382 | PPL: 2.82
  [ 86.0%] Step 78,200 | Loss: 1.0410 | PPL: 2.83
  [ 86.4%] Step 78,300 | Loss: 1.0379 | PPL: 2.82
  [ 86.7%] Step 78,400 | Loss: 1.0384 | PPL: 2.82
  [ 87.1%] Step 78,500 | Loss: 1.0377 | PPL: 2.82
  [ 87.4%] Step 78,600 | Loss: 1.0397 | PPL: 2.83
  [ 87.8%] Step 78,700 | Loss: 1.0429 | PPL: 2.84
  [ 88.2%] Step 78,800 | Loss: 1.0397 | PPL: 2.83
  [ 88.5%] Step 78,900 | Loss: 1.0386 | PPL: 2.83
  [ 88.9%] Step 79,000 | Loss: 1.0402 | PPL: 2.83
  [ 89.3%] Step 79,100 | Loss: 1.0411 | PPL: 2.83
  [ 89.6%] Step 79,200 | Loss: 1.0406 | PPL: 2.83
  [ 90.0%] Step 79,300 | Loss: 1.0390 | PPL: 2.83
  [ 90.4%] Step 79,400 | Loss: 1.0384 | PPL: 2.82
  [ 90.7%] Step 79,500 | Loss: 1.0381 | PPL: 2.82
  [ 91.1%] Step 79,600 | Loss: 1.0388 | PPL: 2.83
  [ 91.5%] Step 79,700 | Loss: 1.0385 | PPL: 2.83
  [ 91.8%] Step 79,800 | Loss: 1.0410 | PPL: 2.83
  [ 92.2%] Step 79,900 | Loss: 1.0388 | PPL: 2.83
  [ 92.6%] Step 80,000 | Loss: 1.0382 | PPL: 2.82
  [ 92.9%] Step 80,100 | Loss: 1.0376 | PPL: 2.82
  [ 93.3%] Step 80,200 | Loss: 1.0349 | PPL: 2.81
  [ 93.7%] Step 80,300 | Loss: 1.0373 | PPL: 2.82
  [ 94.0%] Step 80,400 | Loss: 1.0365 | PPL: 2.82
  [ 94.4%] Step 80,500 | Loss: 1.0370 | PPL: 2.82
  [ 94.8%] Step 80,600 | Loss: 1.0349 | PPL: 2.81
  [ 95.1%] Step 80,700 | Loss: 1.0378 | PPL: 2.82
  [ 95.5%] Step 80,800 | Loss: 1.0365 | PPL: 2.82
  [ 95.9%] Step 80,900 | Loss: 1.0413 | PPL: 2.83
  [ 96.2%] Step 81,000 | Loss: 1.0384 | PPL: 2.82
  [ 96.6%] Step 81,100 | Loss: 1.0384 | PPL: 2.82
  [ 97.0%] Step 81,200 | Loss: 1.0342 | PPL: 2.81
  [ 97.3%] Step 81,300 | Loss: 1.0380 | PPL: 2.82
  [ 97.7%] Step 81,400 | Loss: 1.0370 | PPL: 2.82
  [ 98.1%] Step 81,500 | Loss: 1.0371 | PPL: 2.82
  [ 98.4%] Step 81,600 | Loss: 1.0356 | PPL: 2.82
  [ 98.8%] Step 81,700 | Loss: 1.0390 | PPL: 2.83
  [ 99.2%] Step 81,800 | Loss: 1.0382 | PPL: 2.82
  [ 99.5%] Step 81,900 | Loss: 1.0386 | PPL: 2.83
  [ 99.9%] Step 82,000 | Loss: 1.0351 | PPL: 2.82
  [100.0%] Step 82,032 | Loss: 1.0401 | PPL: 2.83
[Epoch 3/3] Validating...
[Epoch 3/3] Loss: 1.1580 | PPL: 3.18
  -> Saved best model to checkpoints_v5\ru_best.pt
============================================================
Training complete. Running final evaluation...
============================================================

Final Test Loss: 1.1729 | Test PPL: 3.23
Done!
Wrote checkpoints_v5\ru_best.pt.runrecord.json
[1;34mwandb[0m: 
[1;34mwandb[0m: You can sync this run to the cloud by running:
[1;34mwandb[0m: [1mwandb sync C:\Users\Test\PROJECTS\LSTM\wandb\offline-run-20260903_180638-gtiy1w5v[0m
[1;34mwandb[0m: Find logs at: [1;35mwandb\offline-run-20260903_180638-gtiy1w5v\logs[0m
