wandb: Tracking run with wandb version 0.23.1
wandb: W&B syncing is set to `offline` in this directory. Run `wandb online` or set WANDB_MODE=online to enable cloud syncing.
wandb: Run data is saved locally in C:\Users\Test\PROJECTS\LSTM\wandb\offline-run-20260903_123206-lgkguw58
Loading data from rebuild_2026-09\corpora_clean_v4\oscar_tr_ipa.txt...
  Loaded: 10,000,000 chars total
  Train: 7,000,000 chars
  Val: 1,500,000 chars
  Test: 1,500,000 chars
Building vocab from training text...
  Vocab size: 31
============================================================
Training config
============================================================
  Language: Turkish (tr)
  Mode: Train from scratch
  Device: cuda
  Batch size: 256
  Workers: 0
  Pin memory: True
  Epochs: 3
  LR: 0.0001
  Seed: 1234
  Freeze embed: False
  Output: checkpoints_v4_repeat\tr_best.pt
Creating data loaders...
  Train batches: 27,344
  Val batches: 5,859

Model config
  Device: cuda
  Embed dim: 128
  Hidden dim: 256
  Layers: 2
  Parameters: 933,535
  Optimizer: Adam (lr=0.0001)
============================================================
Starting training: 3 epochs, 27344 batches/epoch
============================================================
[Epoch 1/3] Starting...
  [  0.4%] Step 100 | Loss: 3.1498 | PPL: 23.33
  [  0.7%] Step 200 | Loss: 2.7557 | PPL: 15.73
  [  1.1%] Step 300 | Loss: 2.3913 | PPL: 10.93
  [  1.5%] Step 400 | Loss: 2.2432 | PPL: 9.42
  [  1.8%] Step 500 | Loss: 2.1584 | PPL: 8.66
  [  2.2%] Step 600 | Loss: 2.0945 | PPL: 8.12
  [  2.6%] Step 700 | Loss: 2.0439 | PPL: 7.72
  [  2.9%] Step 800 | Loss: 2.0002 | PPL: 7.39
  [  3.3%] Step 900 | Loss: 1.9673 | PPL: 7.15
  [  3.7%] Step 1,000 | Loss: 1.9285 | PPL: 6.88
  [  4.0%] Step 1,100 | Loss: 1.9047 | PPL: 6.72
  [  4.4%] Step 1,200 | Loss: 1.8754 | PPL: 6.52
  [  4.8%] Step 1,300 | Loss: 1.8557 | PPL: 6.40
  [  5.1%] Step 1,400 | Loss: 1.8315 | PPL: 6.24
  [  5.5%] Step 1,500 | Loss: 1.8127 | PPL: 6.13
  [  5.9%] Step 1,600 | Loss: 1.7957 | PPL: 6.02
  [  6.2%] Step 1,700 | Loss: 1.7752 | PPL: 5.90
  [  6.6%] Step 1,800 | Loss: 1.7609 | PPL: 5.82
  [  6.9%] Step 1,900 | Loss: 1.7459 | PPL: 5.73
  [  7.3%] Step 2,000 | Loss: 1.7304 | PPL: 5.64
  [  7.7%] Step 2,100 | Loss: 1.7167 | PPL: 5.57
  [  8.0%] Step 2,200 | Loss: 1.7055 | PPL: 5.50
  [  8.4%] Step 2,300 | Loss: 1.6920 | PPL: 5.43
  [  8.8%] Step 2,400 | Loss: 1.6849 | PPL: 5.39
  [  9.1%] Step 2,500 | Loss: 1.6735 | PPL: 5.33
  [  9.5%] Step 2,600 | Loss: 1.6730 | PPL: 5.33
  [  9.9%] Step 2,700 | Loss: 1.6555 | PPL: 5.24
  [ 10.2%] Step 2,800 | Loss: 1.6424 | PPL: 5.17
  [ 10.6%] Step 2,900 | Loss: 1.6353 | PPL: 5.13
  [ 11.0%] Step 3,000 | Loss: 1.6318 | PPL: 5.11
  [ 11.3%] Step 3,100 | Loss: 1.6234 | PPL: 5.07
  [ 11.7%] Step 3,200 | Loss: 1.6160 | PPL: 5.03
  [ 12.1%] Step 3,300 | Loss: 1.6093 | PPL: 5.00
  [ 12.4%] Step 3,400 | Loss: 1.5994 | PPL: 4.95
  [ 12.8%] Step 3,500 | Loss: 1.5909 | PPL: 4.91
  [ 13.2%] Step 3,600 | Loss: 1.5907 | PPL: 4.91
  [ 13.5%] Step 3,700 | Loss: 1.5788 | PPL: 4.85
  [ 13.9%] Step 3,800 | Loss: 1.5768 | PPL: 4.84
  [ 14.3%] Step 3,900 | Loss: 1.5680 | PPL: 4.80
  [ 14.6%] Step 4,000 | Loss: 1.5658 | PPL: 4.79
  [ 15.0%] Step 4,100 | Loss: 1.5578 | PPL: 4.75
  [ 15.4%] Step 4,200 | Loss: 1.5587 | PPL: 4.75
  [ 15.7%] Step 4,300 | Loss: 1.5514 | PPL: 4.72
  [ 16.1%] Step 4,400 | Loss: 1.5502 | PPL: 4.71
  [ 16.5%] Step 4,500 | Loss: 1.5431 | PPL: 4.68
  [ 16.8%] Step 4,600 | Loss: 1.5370 | PPL: 4.65
  [ 17.2%] Step 4,700 | Loss: 1.5378 | PPL: 4.65
  [ 17.6%] Step 4,800 | Loss: 1.5262 | PPL: 4.60
  [ 17.9%] Step 4,900 | Loss: 1.5245 | PPL: 4.59
  [ 18.3%] Step 5,000 | Loss: 1.5243 | PPL: 4.59
  [ 18.7%] Step 5,100 | Loss: 1.5163 | PPL: 4.56
  [ 19.0%] Step 5,200 | Loss: 1.5172 | PPL: 4.56
  [ 19.4%] Step 5,300 | Loss: 1.5146 | PPL: 4.55
  [ 19.7%] Step 5,400 | Loss: 1.5019 | PPL: 4.49
  [ 20.1%] Step 5,500 | Loss: 1.5072 | PPL: 4.51
  [ 20.5%] Step 5,600 | Loss: 1.5006 | PPL: 4.48
  [ 20.8%] Step 5,700 | Loss: 1.4971 | PPL: 4.47
  [ 21.2%] Step 5,800 | Loss: 1.4964 | PPL: 4.47
  [ 21.6%] Step 5,900 | Loss: 1.4954 | PPL: 4.46
  [ 21.9%] Step 6,000 | Loss: 1.4866 | PPL: 4.42
  [ 22.3%] Step 6,100 | Loss: 1.4901 | PPL: 4.44
  [ 22.7%] Step 6,200 | Loss: 1.4808 | PPL: 4.40
  [ 23.0%] Step 6,300 | Loss: 1.4802 | PPL: 4.39
  [ 23.4%] Step 6,400 | Loss: 1.4742 | PPL: 4.37
  [ 23.8%] Step 6,500 | Loss: 1.4748 | PPL: 4.37
  [ 24.1%] Step 6,600 | Loss: 1.4711 | PPL: 4.35
  [ 24.5%] Step 6,700 | Loss: 1.4755 | PPL: 4.37
  [ 24.9%] Step 6,800 | Loss: 1.4672 | PPL: 4.34
  [ 25.2%] Step 6,900 | Loss: 1.4646 | PPL: 4.33
  [ 25.6%] Step 7,000 | Loss: 1.4652 | PPL: 4.33
  [ 26.0%] Step 7,100 | Loss: 1.4630 | PPL: 4.32
  [ 26.3%] Step 7,200 | Loss: 1.4529 | PPL: 4.28
  [ 26.7%] Step 7,300 | Loss: 1.4567 | PPL: 4.29
  [ 27.1%] Step 7,400 | Loss: 1.4540 | PPL: 4.28
  [ 27.4%] Step 7,500 | Loss: 1.4478 | PPL: 4.25
  [ 27.8%] Step 7,600 | Loss: 1.4426 | PPL: 4.23
  [ 28.2%] Step 7,700 | Loss: 1.4428 | PPL: 4.23
  [ 28.5%] Step 7,800 | Loss: 1.4445 | PPL: 4.24
  [ 28.9%] Step 7,900 | Loss: 1.4422 | PPL: 4.23
  [ 29.3%] Step 8,000 | Loss: 1.4390 | PPL: 4.22
  [ 29.6%] Step 8,100 | Loss: 1.4408 | PPL: 4.22
  [ 30.0%] Step 8,200 | Loss: 1.4372 | PPL: 4.21
  [ 30.4%] Step 8,300 | Loss: 1.4310 | PPL: 4.18
  [ 30.7%] Step 8,400 | Loss: 1.4314 | PPL: 4.18
  [ 31.1%] Step 8,500 | Loss: 1.4314 | PPL: 4.18
  [ 31.5%] Step 8,600 | Loss: 1.4296 | PPL: 4.18
  [ 31.8%] Step 8,700 | Loss: 1.4238 | PPL: 4.15
  [ 32.2%] Step 8,800 | Loss: 1.4231 | PPL: 4.15
  [ 32.5%] Step 8,900 | Loss: 1.4224 | PPL: 4.15
  [ 32.9%] Step 9,000 | Loss: 1.4216 | PPL: 4.14
  [ 33.3%] Step 9,100 | Loss: 1.4241 | PPL: 4.15
  [ 33.6%] Step 9,200 | Loss: 1.4158 | PPL: 4.12
  [ 34.0%] Step 9,300 | Loss: 1.4193 | PPL: 4.13
  [ 34.4%] Step 9,400 | Loss: 1.4128 | PPL: 4.11
  [ 34.7%] Step 9,500 | Loss: 1.4114 | PPL: 4.10
  [ 35.1%] Step 9,600 | Loss: 1.4097 | PPL: 4.09
  [ 35.5%] Step 9,700 | Loss: 1.4060 | PPL: 4.08
  [ 35.8%] Step 9,800 | Loss: 1.4071 | PPL: 4.08
  [ 36.2%] Step 9,900 | Loss: 1.4049 | PPL: 4.08
  [ 36.6%] Step 10,000 | Loss: 1.4052 | PPL: 4.08
  [ 36.9%] Step 10,100 | Loss: 1.4011 | PPL: 4.06
  [ 37.3%] Step 10,200 | Loss: 1.4051 | PPL: 4.08
  [ 37.7%] Step 10,300 | Loss: 1.3995 | PPL: 4.05
  [ 38.0%] Step 10,400 | Loss: 1.3963 | PPL: 4.04
  [ 38.4%] Step 10,500 | Loss: 1.3960 | PPL: 4.04
  [ 38.8%] Step 10,600 | Loss: 1.3957 | PPL: 4.04
  [ 39.1%] Step 10,700 | Loss: 1.3974 | PPL: 4.04
  [ 39.5%] Step 10,800 | Loss: 1.3941 | PPL: 4.03
  [ 39.9%] Step 10,900 | Loss: 1.3910 | PPL: 4.02
  [ 40.2%] Step 11,000 | Loss: 1.3921 | PPL: 4.02
  [ 40.6%] Step 11,100 | Loss: 1.3903 | PPL: 4.02
  [ 41.0%] Step 11,200 | Loss: 1.3886 | PPL: 4.01
  [ 41.3%] Step 11,300 | Loss: 1.3882 | PPL: 4.01
  [ 41.7%] Step 11,400 | Loss: 1.3867 | PPL: 4.00
  [ 42.1%] Step 11,500 | Loss: 1.3827 | PPL: 3.99
  [ 42.4%] Step 11,600 | Loss: 1.3819 | PPL: 3.98
  [ 42.8%] Step 11,700 | Loss: 1.3837 | PPL: 3.99
  [ 43.2%] Step 11,800 | Loss: 1.3804 | PPL: 3.98
  [ 43.5%] Step 11,900 | Loss: 1.3822 | PPL: 3.98
  [ 43.9%] Step 12,000 | Loss: 1.3780 | PPL: 3.97
  [ 44.3%] Step 12,100 | Loss: 1.3772 | PPL: 3.96
  [ 44.6%] Step 12,200 | Loss: 1.3748 | PPL: 3.95
  [ 45.0%] Step 12,300 | Loss: 1.3761 | PPL: 3.96
  [ 45.3%] Step 12,400 | Loss: 1.3707 | PPL: 3.94
  [ 45.7%] Step 12,500 | Loss: 1.3718 | PPL: 3.94
  [ 46.1%] Step 12,600 | Loss: 1.3658 | PPL: 3.92
  [ 46.4%] Step 12,700 | Loss: 1.3713 | PPL: 3.94
  [ 46.8%] Step 12,800 | Loss: 1.3675 | PPL: 3.93
  [ 47.2%] Step 12,900 | Loss: 1.3692 | PPL: 3.93
  [ 47.5%] Step 13,000 | Loss: 1.3632 | PPL: 3.91
  [ 47.9%] Step 13,100 | Loss: 1.3685 | PPL: 3.93
  [ 48.3%] Step 13,200 | Loss: 1.3672 | PPL: 3.92
  [ 48.6%] Step 13,300 | Loss: 1.3647 | PPL: 3.91
  [ 49.0%] Step 13,400 | Loss: 1.3619 | PPL: 3.90
  [ 49.4%] Step 13,500 | Loss: 1.3642 | PPL: 3.91
  [ 49.7%] Step 13,600 | Loss: 1.3620 | PPL: 3.90
  [ 50.1%] Step 13,700 | Loss: 1.3564 | PPL: 3.88
  [ 50.5%] Step 13,800 | Loss: 1.3607 | PPL: 3.90
  [ 50.8%] Step 13,900 | Loss: 1.3576 | PPL: 3.89
  [ 51.2%] Step 14,000 | Loss: 1.3544 | PPL: 3.87
  [ 51.6%] Step 14,100 | Loss: 1.3567 | PPL: 3.88
  [ 51.9%] Step 14,200 | Loss: 1.3554 | PPL: 3.88
  [ 52.3%] Step 14,300 | Loss: 1.3507 | PPL: 3.86
  [ 52.7%] Step 14,400 | Loss: 1.3517 | PPL: 3.86
  [ 53.0%] Step 14,500 | Loss: 1.3506 | PPL: 3.86
  [ 53.4%] Step 14,600 | Loss: 1.3552 | PPL: 3.88
  [ 53.8%] Step 14,700 | Loss: 1.3524 | PPL: 3.87
  [ 54.1%] Step 14,800 | Loss: 1.3514 | PPL: 3.86
  [ 54.5%] Step 14,900 | Loss: 1.3502 | PPL: 3.86
  [ 54.9%] Step 15,000 | Loss: 1.3461 | PPL: 3.84
  [ 55.2%] Step 15,100 | Loss: 1.3463 | PPL: 3.84
  [ 55.6%] Step 15,200 | Loss: 1.3511 | PPL: 3.86
  [ 56.0%] Step 15,300 | Loss: 1.3460 | PPL: 3.84
  [ 56.3%] Step 15,400 | Loss: 1.3440 | PPL: 3.83
  [ 56.7%] Step 15,500 | Loss: 1.3430 | PPL: 3.83
  [ 57.1%] Step 15,600 | Loss: 1.3415 | PPL: 3.82
  [ 57.4%] Step 15,700 | Loss: 1.3428 | PPL: 3.83
  [ 57.8%] Step 15,800 | Loss: 1.3421 | PPL: 3.83
  [ 58.1%] Step 15,900 | Loss: 1.3405 | PPL: 3.82
  [ 58.5%] Step 16,000 | Loss: 1.3385 | PPL: 3.81
  [ 58.9%] Step 16,100 | Loss: 1.3362 | PPL: 3.80
  [ 59.2%] Step 16,200 | Loss: 1.3397 | PPL: 3.82
  [ 59.6%] Step 16,300 | Loss: 1.3372 | PPL: 3.81
  [ 60.0%] Step 16,400 | Loss: 1.3367 | PPL: 3.81
  [ 60.3%] Step 16,500 | Loss: 1.3372 | PPL: 3.81
  [ 60.7%] Step 16,600 | Loss: 1.3340 | PPL: 3.80
  [ 61.1%] Step 16,700 | Loss: 1.3332 | PPL: 3.79
  [ 61.4%] Step 16,800 | Loss: 1.3412 | PPL: 3.82
  [ 61.8%] Step 16,900 | Loss: 1.3354 | PPL: 3.80
  [ 62.2%] Step 17,000 | Loss: 1.3315 | PPL: 3.79
  [ 62.5%] Step 17,100 | Loss: 1.3344 | PPL: 3.80
  [ 62.9%] Step 17,200 | Loss: 1.3308 | PPL: 3.78
  [ 63.3%] Step 17,300 | Loss: 1.3324 | PPL: 3.79
  [ 63.6%] Step 17,400 | Loss: 1.3267 | PPL: 3.77
  [ 64.0%] Step 17,500 | Loss: 1.3259 | PPL: 3.77
  [ 64.4%] Step 17,600 | Loss: 1.3312 | PPL: 3.79
  [ 64.7%] Step 17,700 | Loss: 1.3297 | PPL: 3.78
  [ 65.1%] Step 17,800 | Loss: 1.3250 | PPL: 3.76
  [ 65.5%] Step 17,900 | Loss: 1.3267 | PPL: 3.77
  [ 65.8%] Step 18,000 | Loss: 1.3266 | PPL: 3.77
  [ 66.2%] Step 18,100 | Loss: 1.3274 | PPL: 3.77
  [ 66.6%] Step 18,200 | Loss: 1.3248 | PPL: 3.76
  [ 66.9%] Step 18,300 | Loss: 1.3252 | PPL: 3.76
  [ 67.3%] Step 18,400 | Loss: 1.3248 | PPL: 3.76
  [ 67.7%] Step 18,500 | Loss: 1.3178 | PPL: 3.74
  [ 68.0%] Step 18,600 | Loss: 1.3200 | PPL: 3.74
  [ 68.4%] Step 18,700 | Loss: 1.3235 | PPL: 3.76
  [ 68.8%] Step 18,800 | Loss: 1.3176 | PPL: 3.73
  [ 69.1%] Step 18,900 | Loss: 1.3178 | PPL: 3.74
  [ 69.5%] Step 19,000 | Loss: 1.3199 | PPL: 3.74
  [ 69.9%] Step 19,100 | Loss: 1.3207 | PPL: 3.75
  [ 70.2%] Step 19,200 | Loss: 1.3226 | PPL: 3.75
  [ 70.6%] Step 19,300 | Loss: 1.3175 | PPL: 3.73
  [ 70.9%] Step 19,400 | Loss: 1.3113 | PPL: 3.71
  [ 71.3%] Step 19,500 | Loss: 1.3147 | PPL: 3.72
  [ 71.7%] Step 19,600 | Loss: 1.3153 | PPL: 3.73
  [ 72.0%] Step 19,700 | Loss: 1.3152 | PPL: 3.73
  [ 72.4%] Step 19,800 | Loss: 1.3121 | PPL: 3.71
  [ 72.8%] Step 19,900 | Loss: 1.3179 | PPL: 3.74
  [ 73.1%] Step 20,000 | Loss: 1.3095 | PPL: 3.70
  [ 73.5%] Step 20,100 | Loss: 1.3098 | PPL: 3.71
  [ 73.9%] Step 20,200 | Loss: 1.3133 | PPL: 3.72
  [ 74.2%] Step 20,300 | Loss: 1.3130 | PPL: 3.72
  [ 74.6%] Step 20,400 | Loss: 1.3130 | PPL: 3.72
  [ 75.0%] Step 20,500 | Loss: 1.3107 | PPL: 3.71
  [ 75.3%] Step 20,600 | Loss: 1.3118 | PPL: 3.71
  [ 75.7%] Step 20,700 | Loss: 1.3123 | PPL: 3.71
  [ 76.1%] Step 20,800 | Loss: 1.3087 | PPL: 3.70
  [ 76.4%] Step 20,900 | Loss: 1.3082 | PPL: 3.70
  [ 76.8%] Step 21,000 | Loss: 1.3127 | PPL: 3.72
  [ 77.2%] Step 21,100 | Loss: 1.3063 | PPL: 3.69
  [ 77.5%] Step 21,200 | Loss: 1.3081 | PPL: 3.70
  [ 77.9%] Step 21,300 | Loss: 1.3054 | PPL: 3.69
  [ 78.3%] Step 21,400 | Loss: 1.3035 | PPL: 3.68
  [ 78.6%] Step 21,500 | Loss: 1.3047 | PPL: 3.69
  [ 79.0%] Step 21,600 | Loss: 1.3058 | PPL: 3.69
  [ 79.4%] Step 21,700 | Loss: 1.3050 | PPL: 3.69
  [ 79.7%] Step 21,800 | Loss: 1.3019 | PPL: 3.68
  [ 80.1%] Step 21,900 | Loss: 1.3006 | PPL: 3.67
  [ 80.5%] Step 22,000 | Loss: 1.3014 | PPL: 3.67
  [ 80.8%] Step 22,100 | Loss: 1.3020 | PPL: 3.68
  [ 81.2%] Step 22,200 | Loss: 1.3005 | PPL: 3.67
  [ 81.6%] Step 22,300 | Loss: 1.3015 | PPL: 3.67
  [ 81.9%] Step 22,400 | Loss: 1.3018 | PPL: 3.68
  [ 82.3%] Step 22,500 | Loss: 1.2998 | PPL: 3.67
  [ 82.7%] Step 22,600 | Loss: 1.2974 | PPL: 3.66
  [ 83.0%] Step 22,700 | Loss: 1.2991 | PPL: 3.67
  [ 83.4%] Step 22,800 | Loss: 1.2977 | PPL: 3.66
  [ 83.7%] Step 22,900 | Loss: 1.2931 | PPL: 3.64
  [ 84.1%] Step 23,000 | Loss: 1.2945 | PPL: 3.65
  [ 84.5%] Step 23,100 | Loss: 1.2973 | PPL: 3.66
  [ 84.8%] Step 23,200 | Loss: 1.2951 | PPL: 3.65
  [ 85.2%] Step 23,300 | Loss: 1.2987 | PPL: 3.66
  [ 85.6%] Step 23,400 | Loss: 1.2941 | PPL: 3.65
  [ 85.9%] Step 23,500 | Loss: 1.2931 | PPL: 3.64
  [ 86.3%] Step 23,600 | Loss: 1.2917 | PPL: 3.64
  [ 86.7%] Step 23,700 | Loss: 1.2937 | PPL: 3.65
  [ 87.0%] Step 23,800 | Loss: 1.2909 | PPL: 3.64
  [ 87.4%] Step 23,900 | Loss: 1.2923 | PPL: 3.64
  [ 87.8%] Step 24,000 | Loss: 1.2920 | PPL: 3.64
  [ 88.1%] Step 24,100 | Loss: 1.2918 | PPL: 3.64
  [ 88.5%] Step 24,200 | Loss: 1.2913 | PPL: 3.64
  [ 88.9%] Step 24,300 | Loss: 1.2880 | PPL: 3.63
  [ 89.2%] Step 24,400 | Loss: 1.2895 | PPL: 3.63
  [ 89.6%] Step 24,500 | Loss: 1.2895 | PPL: 3.63
  [ 90.0%] Step 24,600 | Loss: 1.2912 | PPL: 3.64
  [ 90.3%] Step 24,700 | Loss: 1.2880 | PPL: 3.63
  [ 90.7%] Step 24,800 | Loss: 1.2909 | PPL: 3.64
  [ 91.1%] Step 24,900 | Loss: 1.2895 | PPL: 3.63
  [ 91.4%] Step 25,000 | Loss: 1.2911 | PPL: 3.64
  [ 91.8%] Step 25,100 | Loss: 1.2881 | PPL: 3.63
  [ 92.2%] Step 25,200 | Loss: 1.2888 | PPL: 3.63
  [ 92.5%] Step 25,300 | Loss: 1.2898 | PPL: 3.63
  [ 92.9%] Step 25,400 | Loss: 1.2849 | PPL: 3.61
  [ 93.3%] Step 25,500 | Loss: 1.2879 | PPL: 3.63
  [ 93.6%] Step 25,600 | Loss: 1.2849 | PPL: 3.61
  [ 94.0%] Step 25,700 | Loss: 1.2848 | PPL: 3.61
  [ 94.4%] Step 25,800 | Loss: 1.2833 | PPL: 3.61
  [ 94.7%] Step 25,900 | Loss: 1.2850 | PPL: 3.61
  [ 95.1%] Step 26,000 | Loss: 1.2817 | PPL: 3.60
  [ 95.5%] Step 26,100 | Loss: 1.2822 | PPL: 3.60
  [ 95.8%] Step 26,200 | Loss: 1.2833 | PPL: 3.61
  [ 96.2%] Step 26,300 | Loss: 1.2821 | PPL: 3.60
  [ 96.5%] Step 26,400 | Loss: 1.2835 | PPL: 3.61
  [ 96.9%] Step 26,500 | Loss: 1.2798 | PPL: 3.60
  [ 97.3%] Step 26,600 | Loss: 1.2780 | PPL: 3.59
  [ 97.6%] Step 26,700 | Loss: 1.2797 | PPL: 3.60
  [ 98.0%] Step 26,800 | Loss: 1.2809 | PPL: 3.60
  [ 98.4%] Step 26,900 | Loss: 1.2795 | PPL: 3.59
  [ 98.7%] Step 27,000 | Loss: 1.2775 | PPL: 3.59
  [ 99.1%] Step 27,100 | Loss: 1.2803 | PPL: 3.60
  [ 99.5%] Step 27,200 | Loss: 1.2801 | PPL: 3.60
  [ 99.8%] Step 27,300 | Loss: 1.2796 | PPL: 3.60
  [100.0%] Step 27,344 | Loss: 1.2762 | PPL: 3.58
[Epoch 1/3] Validating...
[Epoch 1/3] Loss: 1.3949 | PPL: 4.03
  -> Saved best model to checkpoints_v4_repeat\tr_best.pt
[Epoch 2/3] Starting...
  [  0.2%] Step 27,400 | Loss: 1.2726 | PPL: 3.57
  [  0.6%] Step 27,500 | Loss: 1.2761 | PPL: 3.58
  [  0.9%] Step 27,600 | Loss: 1.2804 | PPL: 3.60
  [  1.3%] Step 27,700 | Loss: 1.2741 | PPL: 3.58
  [  1.7%] Step 27,800 | Loss: 1.2742 | PPL: 3.58
  [  2.0%] Step 27,900 | Loss: 1.2784 | PPL: 3.59
  [  2.4%] Step 28,000 | Loss: 1.2786 | PPL: 3.59
  [  2.8%] Step 28,100 | Loss: 1.2741 | PPL: 3.58
  [  3.1%] Step 28,200 | Loss: 1.2750 | PPL: 3.58
  [  3.5%] Step 28,300 | Loss: 1.2733 | PPL: 3.57
  [  3.9%] Step 28,400 | Loss: 1.2771 | PPL: 3.59
  [  4.2%] Step 28,500 | Loss: 1.2763 | PPL: 3.58
  [  4.6%] Step 28,600 | Loss: 1.2746 | PPL: 3.58
  [  5.0%] Step 28,700 | Loss: 1.2722 | PPL: 3.57
  [  5.3%] Step 28,800 | Loss: 1.2739 | PPL: 3.57
  [  5.7%] Step 28,900 | Loss: 1.2735 | PPL: 3.57
  [  6.1%] Step 29,000 | Loss: 1.2718 | PPL: 3.57
  [  6.4%] Step 29,100 | Loss: 1.2710 | PPL: 3.56
  [  6.8%] Step 29,200 | Loss: 1.2756 | PPL: 3.58
  [  7.2%] Step 29,300 | Loss: 1.2688 | PPL: 3.56
  [  7.5%] Step 29,400 | Loss: 1.2662 | PPL: 3.55
  [  7.9%] Step 29,500 | Loss: 1.2699 | PPL: 3.56
  [  8.3%] Step 29,600 | Loss: 1.2679 | PPL: 3.55
  [  8.6%] Step 29,700 | Loss: 1.2677 | PPL: 3.55
  [  9.0%] Step 29,800 | Loss: 1.2704 | PPL: 3.56
  [  9.3%] Step 29,900 | Loss: 1.2682 | PPL: 3.55
  [  9.7%] Step 30,000 | Loss: 1.2694 | PPL: 3.56
  [ 10.1%] Step 30,100 | Loss: 1.2663 | PPL: 3.55
  [ 10.4%] Step 30,200 | Loss: 1.2637 | PPL: 3.54
  [ 10.8%] Step 30,300 | Loss: 1.2647 | PPL: 3.54
  [ 11.2%] Step 30,400 | Loss: 1.2671 | PPL: 3.55
  [ 11.5%] Step 30,500 | Loss: 1.2695 | PPL: 3.56
  [ 11.9%] Step 30,600 | Loss: 1.2646 | PPL: 3.54
  [ 12.3%] Step 30,700 | Loss: 1.2651 | PPL: 3.54
  [ 12.6%] Step 30,800 | Loss: 1.2684 | PPL: 3.56
  [ 13.0%] Step 30,900 | Loss: 1.2676 | PPL: 3.55
  [ 13.4%] Step 31,000 | Loss: 1.2638 | PPL: 3.54
  [ 13.7%] Step 31,100 | Loss: 1.2665 | PPL: 3.55
  [ 14.1%] Step 31,200 | Loss: 1.2665 | PPL: 3.55
  [ 14.5%] Step 31,300 | Loss: 1.2627 | PPL: 3.53
  [ 14.8%] Step 31,400 | Loss: 1.2600 | PPL: 3.53
  [ 15.2%] Step 31,500 | Loss: 1.2663 | PPL: 3.55
  [ 15.6%] Step 31,600 | Loss: 1.2621 | PPL: 3.53
  [ 15.9%] Step 31,700 | Loss: 1.2602 | PPL: 3.53
  [ 16.3%] Step 31,800 | Loss: 1.2621 | PPL: 3.53
  [ 16.7%] Step 31,900 | Loss: 1.2619 | PPL: 3.53
  [ 17.0%] Step 32,000 | Loss: 1.2625 | PPL: 3.53
  [ 17.4%] Step 32,100 | Loss: 1.2630 | PPL: 3.54
  [ 17.8%] Step 32,200 | Loss: 1.2611 | PPL: 3.53
  [ 18.1%] Step 32,300 | Loss: 1.2595 | PPL: 3.52
  [ 18.5%] Step 32,400 | Loss: 1.2579 | PPL: 3.52
  [ 18.9%] Step 32,500 | Loss: 1.2626 | PPL: 3.53
  [ 19.2%] Step 32,600 | Loss: 1.2610 | PPL: 3.53
  [ 19.6%] Step 32,700 | Loss: 1.2604 | PPL: 3.53
  [ 20.0%] Step 32,800 | Loss: 1.2597 | PPL: 3.52
  [ 20.3%] Step 32,900 | Loss: 1.2630 | PPL: 3.54
  [ 20.7%] Step 33,000 | Loss: 1.2623 | PPL: 3.53
  [ 21.1%] Step 33,100 | Loss: 1.2580 | PPL: 3.52
  [ 21.4%] Step 33,200 | Loss: 1.2614 | PPL: 3.53
  [ 21.8%] Step 33,300 | Loss: 1.2589 | PPL: 3.52
  [ 22.1%] Step 33,400 | Loss: 1.2587 | PPL: 3.52
  [ 22.5%] Step 33,500 | Loss: 1.2574 | PPL: 3.52
  [ 22.9%] Step 33,600 | Loss: 1.2565 | PPL: 3.51
  [ 23.2%] Step 33,700 | Loss: 1.2536 | PPL: 3.50
  [ 23.6%] Step 33,800 | Loss: 1.2550 | PPL: 3.51
  [ 24.0%] Step 33,900 | Loss: 1.2557 | PPL: 3.51
  [ 24.3%] Step 34,000 | Loss: 1.2553 | PPL: 3.51
  [ 24.7%] Step 34,100 | Loss: 1.2536 | PPL: 3.50
  [ 25.1%] Step 34,200 | Loss: 1.2542 | PPL: 3.51
  [ 25.4%] Step 34,300 | Loss: 1.2544 | PPL: 3.51
  [ 25.8%] Step 34,400 | Loss: 1.2529 | PPL: 3.50
  [ 26.2%] Step 34,500 | Loss: 1.2555 | PPL: 3.51
  [ 26.5%] Step 34,600 | Loss: 1.2552 | PPL: 3.51
  [ 26.9%] Step 34,700 | Loss: 1.2516 | PPL: 3.50
  [ 27.3%] Step 34,800 | Loss: 1.2518 | PPL: 3.50
  [ 27.6%] Step 34,900 | Loss: 1.2522 | PPL: 3.50
  [ 28.0%] Step 35,000 | Loss: 1.2565 | PPL: 3.51
  [ 28.4%] Step 35,100 | Loss: 1.2533 | PPL: 3.50
  [ 28.7%] Step 35,200 | Loss: 1.2490 | PPL: 3.49
  [ 29.1%] Step 35,300 | Loss: 1.2521 | PPL: 3.50
  [ 29.5%] Step 35,400 | Loss: 1.2508 | PPL: 3.49
  [ 29.8%] Step 35,500 | Loss: 1.2488 | PPL: 3.49
  [ 30.2%] Step 35,600 | Loss: 1.2521 | PPL: 3.50
  [ 30.6%] Step 35,700 | Loss: 1.2522 | PPL: 3.50
  [ 30.9%] Step 35,800 | Loss: 1.2507 | PPL: 3.49
  [ 31.3%] Step 35,900 | Loss: 1.2521 | PPL: 3.50
  [ 31.7%] Step 36,000 | Loss: 1.2538 | PPL: 3.50
  [ 32.0%] Step 36,100 | Loss: 1.2514 | PPL: 3.50
  [ 32.4%] Step 36,200 | Loss: 1.2493 | PPL: 3.49
  [ 32.8%] Step 36,300 | Loss: 1.2480 | PPL: 3.48
  [ 33.1%] Step 36,400 | Loss: 1.2487 | PPL: 3.49
  [ 33.5%] Step 36,500 | Loss: 1.2511 | PPL: 3.49
  [ 33.9%] Step 36,600 | Loss: 1.2444 | PPL: 3.47
  [ 34.2%] Step 36,700 | Loss: 1.2501 | PPL: 3.49
  [ 34.6%] Step 36,800 | Loss: 1.2480 | PPL: 3.48
  [ 34.9%] Step 36,900 | Loss: 1.2449 | PPL: 3.47
  [ 35.3%] Step 37,000 | Loss: 1.2484 | PPL: 3.48
  [ 35.7%] Step 37,100 | Loss: 1.2521 | PPL: 3.50
  [ 36.0%] Step 37,200 | Loss: 1.2483 | PPL: 3.48
  [ 36.4%] Step 37,300 | Loss: 1.2506 | PPL: 3.49
  [ 36.8%] Step 37,400 | Loss: 1.2460 | PPL: 3.48
  [ 37.1%] Step 37,500 | Loss: 1.2420 | PPL: 3.46
  [ 37.5%] Step 37,600 | Loss: 1.2463 | PPL: 3.48
  [ 37.9%] Step 37,700 | Loss: 1.2472 | PPL: 3.48
  [ 38.2%] Step 37,800 | Loss: 1.2433 | PPL: 3.47
  [ 38.6%] Step 37,900 | Loss: 1.2431 | PPL: 3.47
  [ 39.0%] Step 38,000 | Loss: 1.2442 | PPL: 3.47
  [ 39.3%] Step 38,100 | Loss: 1.2460 | PPL: 3.48
  [ 39.7%] Step 38,200 | Loss: 1.2428 | PPL: 3.47
  [ 40.1%] Step 38,300 | Loss: 1.2442 | PPL: 3.47
  [ 40.4%] Step 38,400 | Loss: 1.2444 | PPL: 3.47
  [ 40.8%] Step 38,500 | Loss: 1.2472 | PPL: 3.48
  [ 41.2%] Step 38,600 | Loss: 1.2452 | PPL: 3.47
  [ 41.5%] Step 38,700 | Loss: 1.2481 | PPL: 3.48
  [ 41.9%] Step 38,800 | Loss: 1.2455 | PPL: 3.47
  [ 42.3%] Step 38,900 | Loss: 1.2439 | PPL: 3.47
  [ 42.6%] Step 39,000 | Loss: 1.2419 | PPL: 3.46
  [ 43.0%] Step 39,100 | Loss: 1.2414 | PPL: 3.46
  [ 43.4%] Step 39,200 | Loss: 1.2355 | PPL: 3.44
  [ 43.7%] Step 39,300 | Loss: 1.2417 | PPL: 3.46
  [ 44.1%] Step 39,400 | Loss: 1.2404 | PPL: 3.46
  [ 44.5%] Step 39,500 | Loss: 1.2412 | PPL: 3.46
  [ 44.8%] Step 39,600 | Loss: 1.2397 | PPL: 3.45
  [ 45.2%] Step 39,700 | Loss: 1.2418 | PPL: 3.46
  [ 45.6%] Step 39,800 | Loss: 1.2350 | PPL: 3.44
  [ 45.9%] Step 39,900 | Loss: 1.2400 | PPL: 3.46
  [ 46.3%] Step 40,000 | Loss: 1.2409 | PPL: 3.46
  [ 46.7%] Step 40,100 | Loss: 1.2360 | PPL: 3.44
  [ 47.0%] Step 40,200 | Loss: 1.2376 | PPL: 3.45
  [ 47.4%] Step 40,300 | Loss: 1.2383 | PPL: 3.45
  [ 47.7%] Step 40,400 | Loss: 1.2422 | PPL: 3.46
  [ 48.1%] Step 40,500 | Loss: 1.2389 | PPL: 3.45
  [ 48.5%] Step 40,600 | Loss: 1.2343 | PPL: 3.44
  [ 48.8%] Step 40,700 | Loss: 1.2434 | PPL: 3.47
  [ 49.2%] Step 40,800 | Loss: 1.2376 | PPL: 3.45
  [ 49.6%] Step 40,900 | Loss: 1.2366 | PPL: 3.44
  [ 49.9%] Step 41,000 | Loss: 1.2399 | PPL: 3.46
  [ 50.3%] Step 41,100 | Loss: 1.2334 | PPL: 3.43
  [ 50.7%] Step 41,200 | Loss: 1.2412 | PPL: 3.46
  [ 51.0%] Step 41,300 | Loss: 1.2408 | PPL: 3.46
  [ 51.4%] Step 41,400 | Loss: 1.2364 | PPL: 3.44
  [ 51.8%] Step 41,500 | Loss: 1.2371 | PPL: 3.45
  [ 52.1%] Step 41,600 | Loss: 1.2395 | PPL: 3.45
  [ 52.5%] Step 41,700 | Loss: 1.2360 | PPL: 3.44
  [ 52.9%] Step 41,800 | Loss: 1.2330 | PPL: 3.43
  [ 53.2%] Step 41,900 | Loss: 1.2361 | PPL: 3.44
  [ 53.6%] Step 42,000 | Loss: 1.2357 | PPL: 3.44
  [ 54.0%] Step 42,100 | Loss: 1.2390 | PPL: 3.45
  [ 54.3%] Step 42,200 | Loss: 1.2390 | PPL: 3.45
  [ 54.7%] Step 42,300 | Loss: 1.2373 | PPL: 3.45
  [ 55.1%] Step 42,400 | Loss: 1.2316 | PPL: 3.43
  [ 55.4%] Step 42,500 | Loss: 1.2403 | PPL: 3.46
  [ 55.8%] Step 42,600 | Loss: 1.2336 | PPL: 3.43
  [ 56.2%] Step 42,700 | Loss: 1.2340 | PPL: 3.43
  [ 56.5%] Step 42,800 | Loss: 1.2344 | PPL: 3.44
  [ 56.9%] Step 42,900 | Loss: 1.2301 | PPL: 3.42
  [ 57.3%] Step 43,000 | Loss: 1.2318 | PPL: 3.43
  [ 57.6%] Step 43,100 | Loss: 1.2356 | PPL: 3.44
  [ 58.0%] Step 43,200 | Loss: 1.2378 | PPL: 3.45
  [ 58.4%] Step 43,300 | Loss: 1.2359 | PPL: 3.44
  [ 58.7%] Step 43,400 | Loss: 1.2307 | PPL: 3.42
  [ 59.1%] Step 43,500 | Loss: 1.2332 | PPL: 3.43
  [ 59.4%] Step 43,600 | Loss: 1.2307 | PPL: 3.42
  [ 59.8%] Step 43,700 | Loss: 1.2328 | PPL: 3.43
  [ 60.2%] Step 43,800 | Loss: 1.2325 | PPL: 3.43
  [ 60.5%] Step 43,900 | Loss: 1.2290 | PPL: 3.42
  [ 60.9%] Step 44,000 | Loss: 1.2301 | PPL: 3.42
  [ 61.3%] Step 44,100 | Loss: 1.2348 | PPL: 3.44
  [ 61.6%] Step 44,200 | Loss: 1.2305 | PPL: 3.42
  [ 62.0%] Step 44,300 | Loss: 1.2284 | PPL: 3.42
  [ 62.4%] Step 44,400 | Loss: 1.2288 | PPL: 3.42
  [ 62.7%] Step 44,500 | Loss: 1.2335 | PPL: 3.43
  [ 63.1%] Step 44,600 | Loss: 1.2279 | PPL: 3.41
  [ 63.5%] Step 44,700 | Loss: 1.2299 | PPL: 3.42
  [ 63.8%] Step 44,800 | Loss: 1.2281 | PPL: 3.41
  [ 64.2%] Step 44,900 | Loss: 1.2305 | PPL: 3.42
  [ 64.6%] Step 45,000 | Loss: 1.2292 | PPL: 3.42
  [ 64.9%] Step 45,100 | Loss: 1.2298 | PPL: 3.42
  [ 65.3%] Step 45,200 | Loss: 1.2321 | PPL: 3.43
  [ 65.7%] Step 45,300 | Loss: 1.2268 | PPL: 3.41
  [ 66.0%] Step 45,400 | Loss: 1.2265 | PPL: 3.41
  [ 66.4%] Step 45,500 | Loss: 1.2260 | PPL: 3.41
  [ 66.8%] Step 45,600 | Loss: 1.2287 | PPL: 3.42
  [ 67.1%] Step 45,700 | Loss: 1.2305 | PPL: 3.42
  [ 67.5%] Step 45,800 | Loss: 1.2255 | PPL: 3.41
  [ 67.9%] Step 45,900 | Loss: 1.2264 | PPL: 3.41
  [ 68.2%] Step 46,000 | Loss: 1.2308 | PPL: 3.42
  [ 68.6%] Step 46,100 | Loss: 1.2297 | PPL: 3.42
  [ 69.0%] Step 46,200 | Loss: 1.2330 | PPL: 3.43
  [ 69.3%] Step 46,300 | Loss: 1.2265 | PPL: 3.41
  [ 69.7%] Step 46,400 | Loss: 1.2299 | PPL: 3.42
  [ 70.1%] Step 46,500 | Loss: 1.2295 | PPL: 3.42
  [ 70.4%] Step 46,600 | Loss: 1.2240 | PPL: 3.40
  [ 70.8%] Step 46,700 | Loss: 1.2227 | PPL: 3.40
  [ 71.2%] Step 46,800 | Loss: 1.2270 | PPL: 3.41
  [ 71.5%] Step 46,900 | Loss: 1.2262 | PPL: 3.41
  [ 71.9%] Step 47,000 | Loss: 1.2277 | PPL: 3.41
  [ 72.2%] Step 47,100 | Loss: 1.2225 | PPL: 3.40
  [ 72.6%] Step 47,200 | Loss: 1.2251 | PPL: 3.40
  [ 73.0%] Step 47,300 | Loss: 1.2276 | PPL: 3.41
  [ 73.3%] Step 47,400 | Loss: 1.2241 | PPL: 3.40
  [ 73.7%] Step 47,500 | Loss: 1.2264 | PPL: 3.41
  [ 74.1%] Step 47,600 | Loss: 1.2240 | PPL: 3.40
  [ 74.4%] Step 47,700 | Loss: 1.2288 | PPL: 3.42
  [ 74.8%] Step 47,800 | Loss: 1.2227 | PPL: 3.40
  [ 75.2%] Step 47,900 | Loss: 1.2200 | PPL: 3.39
  [ 75.5%] Step 48,000 | Loss: 1.2258 | PPL: 3.41
  [ 75.9%] Step 48,100 | Loss: 1.2225 | PPL: 3.40
  [ 76.3%] Step 48,200 | Loss: 1.2246 | PPL: 3.40
  [ 76.6%] Step 48,300 | Loss: 1.2234 | PPL: 3.40
  [ 77.0%] Step 48,400 | Loss: 1.2204 | PPL: 3.39
  [ 77.4%] Step 48,500 | Loss: 1.2224 | PPL: 3.40
  [ 77.7%] Step 48,600 | Loss: 1.2251 | PPL: 3.40
  [ 78.1%] Step 48,700 | Loss: 1.2258 | PPL: 3.41
  [ 78.5%] Step 48,800 | Loss: 1.2215 | PPL: 3.39
  [ 78.8%] Step 48,900 | Loss: 1.2175 | PPL: 3.38
  [ 79.2%] Step 49,000 | Loss: 1.2203 | PPL: 3.39
  [ 79.6%] Step 49,100 | Loss: 1.2233 | PPL: 3.40
  [ 79.9%] Step 49,200 | Loss: 1.2230 | PPL: 3.40
  [ 80.3%] Step 49,300 | Loss: 1.2268 | PPL: 3.41
  [ 80.7%] Step 49,400 | Loss: 1.2177 | PPL: 3.38
  [ 81.0%] Step 49,500 | Loss: 1.2220 | PPL: 3.39
  [ 81.4%] Step 49,600 | Loss: 1.2223 | PPL: 3.40
  [ 81.8%] Step 49,700 | Loss: 1.2206 | PPL: 3.39
  [ 82.1%] Step 49,800 | Loss: 1.2208 | PPL: 3.39
  [ 82.5%] Step 49,900 | Loss: 1.2189 | PPL: 3.38
  [ 82.9%] Step 50,000 | Loss: 1.2205 | PPL: 3.39
  [ 83.2%] Step 50,100 | Loss: 1.2195 | PPL: 3.39
  [ 83.6%] Step 50,200 | Loss: 1.2235 | PPL: 3.40
  [ 84.0%] Step 50,300 | Loss: 1.2169 | PPL: 3.38
  [ 84.3%] Step 50,400 | Loss: 1.2191 | PPL: 3.38
  [ 84.7%] Step 50,500 | Loss: 1.2206 | PPL: 3.39
  [ 85.0%] Step 50,600 | Loss: 1.2198 | PPL: 3.39
  [ 85.4%] Step 50,700 | Loss: 1.2206 | PPL: 3.39
  [ 85.8%] Step 50,800 | Loss: 1.2193 | PPL: 3.38
  [ 86.1%] Step 50,900 | Loss: 1.2175 | PPL: 3.38
  [ 86.5%] Step 51,000 | Loss: 1.2238 | PPL: 3.40
  [ 86.9%] Step 51,100 | Loss: 1.2163 | PPL: 3.37
  [ 87.2%] Step 51,200 | Loss: 1.2179 | PPL: 3.38
  [ 87.6%] Step 51,300 | Loss: 1.2217 | PPL: 3.39
  [ 88.0%] Step 51,400 | Loss: 1.2148 | PPL: 3.37
  [ 88.3%] Step 51,500 | Loss: 1.2198 | PPL: 3.39
  [ 88.7%] Step 51,600 | Loss: 1.2141 | PPL: 3.37
  [ 89.1%] Step 51,700 | Loss: 1.2174 | PPL: 3.38
  [ 89.4%] Step 51,800 | Loss: 1.2165 | PPL: 3.38
  [ 89.8%] Step 51,900 | Loss: 1.2186 | PPL: 3.38
  [ 90.2%] Step 52,000 | Loss: 1.2190 | PPL: 3.38
  [ 90.5%] Step 52,100 | Loss: 1.2164 | PPL: 3.37
  [ 90.9%] Step 52,200 | Loss: 1.2167 | PPL: 3.38
  [ 91.3%] Step 52,300 | Loss: 1.2200 | PPL: 3.39
  [ 91.6%] Step 52,400 | Loss: 1.2150 | PPL: 3.37
  [ 92.0%] Step 52,500 | Loss: 1.2157 | PPL: 3.37
  [ 92.4%] Step 52,600 | Loss: 1.2116 | PPL: 3.36
  [ 92.7%] Step 52,700 | Loss: 1.2123 | PPL: 3.36
  [ 93.1%] Step 52,800 | Loss: 1.2125 | PPL: 3.36
  [ 93.5%] Step 52,900 | Loss: 1.2179 | PPL: 3.38
  [ 93.8%] Step 53,000 | Loss: 1.2196 | PPL: 3.39
  [ 94.2%] Step 53,100 | Loss: 1.2154 | PPL: 3.37
  [ 94.6%] Step 53,200 | Loss: 1.2190 | PPL: 3.38
  [ 94.9%] Step 53,300 | Loss: 1.2120 | PPL: 3.36
  [ 95.3%] Step 53,400 | Loss: 1.2154 | PPL: 3.37
  [ 95.7%] Step 53,500 | Loss: 1.2172 | PPL: 3.38
  [ 96.0%] Step 53,600 | Loss: 1.2201 | PPL: 3.39
  [ 96.4%] Step 53,700 | Loss: 1.2131 | PPL: 3.36
  [ 96.8%] Step 53,800 | Loss: 1.2170 | PPL: 3.38
  [ 97.1%] Step 53,900 | Loss: 1.2100 | PPL: 3.35
  [ 97.5%] Step 54,000 | Loss: 1.2169 | PPL: 3.38
  [ 97.8%] Step 54,100 | Loss: 1.2121 | PPL: 3.36
  [ 98.2%] Step 54,200 | Loss: 1.2110 | PPL: 3.36
  [ 98.6%] Step 54,300 | Loss: 1.2097 | PPL: 3.35
  [ 98.9%] Step 54,400 | Loss: 1.2121 | PPL: 3.36
  [ 99.3%] Step 54,500 | Loss: 1.2125 | PPL: 3.36
  [ 99.7%] Step 54,600 | Loss: 1.2138 | PPL: 3.37
  [100.0%] Step 54,688 | Loss: 1.2138 | PPL: 3.37
[Epoch 2/3] Validating...
[Epoch 2/3] Loss: 1.3609 | PPL: 3.90
  -> Saved best model to checkpoints_v4_repeat\tr_best.pt
[Epoch 3/3] Starting...
  [  0.0%] Step 54,700 | Loss: 1.2045 | PPL: 3.34
  [  0.4%] Step 54,800 | Loss: 1.2137 | PPL: 3.37
  [  0.8%] Step 54,900 | Loss: 1.2126 | PPL: 3.36
  [  1.1%] Step 55,000 | Loss: 1.2113 | PPL: 3.36
  [  1.5%] Step 55,100 | Loss: 1.2107 | PPL: 3.36
  [  1.9%] Step 55,200 | Loss: 1.2133 | PPL: 3.36
  [  2.2%] Step 55,300 | Loss: 1.2126 | PPL: 3.36
  [  2.6%] Step 55,400 | Loss: 1.2096 | PPL: 3.35
  [  3.0%] Step 55,500 | Loss: 1.2105 | PPL: 3.36
  [  3.3%] Step 55,600 | Loss: 1.2073 | PPL: 3.34
  [  3.7%] Step 55,700 | Loss: 1.2081 | PPL: 3.35
  [  4.1%] Step 55,800 | Loss: 1.2112 | PPL: 3.36
  [  4.4%] Step 55,900 | Loss: 1.2107 | PPL: 3.36
  [  4.8%] Step 56,000 | Loss: 1.2059 | PPL: 3.34
  [  5.2%] Step 56,100 | Loss: 1.2117 | PPL: 3.36
  [  5.5%] Step 56,200 | Loss: 1.2120 | PPL: 3.36
  [  5.9%] Step 56,300 | Loss: 1.2126 | PPL: 3.36
  [  6.3%] Step 56,400 | Loss: 1.2102 | PPL: 3.35
  [  6.6%] Step 56,500 | Loss: 1.2111 | PPL: 3.36
  [  7.0%] Step 56,600 | Loss: 1.2049 | PPL: 3.34
  [  7.4%] Step 56,700 | Loss: 1.2063 | PPL: 3.34
  [  7.7%] Step 56,800 | Loss: 1.2070 | PPL: 3.34
  [  8.1%] Step 56,900 | Loss: 1.2077 | PPL: 3.35
  [  8.5%] Step 57,000 | Loss: 1.2080 | PPL: 3.35
  [  8.8%] Step 57,100 | Loss: 1.2089 | PPL: 3.35
  [  9.2%] Step 57,200 | Loss: 1.2098 | PPL: 3.35
  [  9.6%] Step 57,300 | Loss: 1.2085 | PPL: 3.35
  [  9.9%] Step 57,400 | Loss: 1.2066 | PPL: 3.34
  [ 10.3%] Step 57,500 | Loss: 1.2067 | PPL: 3.34
  [ 10.6%] Step 57,600 | Loss: 1.2038 | PPL: 3.33
  [ 11.0%] Step 57,700 | Loss: 1.2101 | PPL: 3.35
  [ 11.4%] Step 57,800 | Loss: 1.2075 | PPL: 3.35
  [ 11.7%] Step 57,900 | Loss: 1.2077 | PPL: 3.35
  [ 12.1%] Step 58,000 | Loss: 1.2059 | PPL: 3.34
  [ 12.5%] Step 58,100 | Loss: 1.2074 | PPL: 3.34
  [ 12.8%] Step 58,200 | Loss: 1.2095 | PPL: 3.35
  [ 13.2%] Step 58,300 | Loss: 1.2071 | PPL: 3.34
  [ 13.6%] Step 58,400 | Loss: 1.2054 | PPL: 3.34
  [ 13.9%] Step 58,500 | Loss: 1.2054 | PPL: 3.34
  [ 14.3%] Step 58,600 | Loss: 1.2078 | PPL: 3.35
  [ 14.7%] Step 58,700 | Loss: 1.2096 | PPL: 3.35
  [ 15.0%] Step 58,800 | Loss: 1.2079 | PPL: 3.35
  [ 15.4%] Step 58,900 | Loss: 1.2055 | PPL: 3.34
  [ 15.8%] Step 59,000 | Loss: 1.2016 | PPL: 3.33
  [ 16.1%] Step 59,100 | Loss: 1.2062 | PPL: 3.34
  [ 16.5%] Step 59,200 | Loss: 1.2074 | PPL: 3.34
  [ 16.9%] Step 59,300 | Loss: 1.2088 | PPL: 3.35
  [ 17.2%] Step 59,400 | Loss: 1.2093 | PPL: 3.35
  [ 17.6%] Step 59,500 | Loss: 1.2092 | PPL: 3.35
  [ 18.0%] Step 59,600 | Loss: 1.2030 | PPL: 3.33
  [ 18.3%] Step 59,700 | Loss: 1.2031 | PPL: 3.33
  [ 18.7%] Step 59,800 | Loss: 1.2069 | PPL: 3.34
  [ 19.1%] Step 59,900 | Loss: 1.2065 | PPL: 3.34
  [ 19.4%] Step 60,000 | Loss: 1.2032 | PPL: 3.33
  [ 19.8%] Step 60,100 | Loss: 1.2059 | PPL: 3.34
  [ 20.2%] Step 60,200 | Loss: 1.2015 | PPL: 3.33
  [ 20.5%] Step 60,300 | Loss: 1.2025 | PPL: 3.33
  [ 20.9%] Step 60,400 | Loss: 1.2053 | PPL: 3.34
  [ 21.3%] Step 60,500 | Loss: 1.2016 | PPL: 3.33
  [ 21.6%] Step 60,600 | Loss: 1.2054 | PPL: 3.34
  [ 22.0%] Step 60,700 | Loss: 1.1994 | PPL: 3.32
  [ 22.4%] Step 60,800 | Loss: 1.1998 | PPL: 3.32
  [ 22.7%] Step 60,900 | Loss: 1.2063 | PPL: 3.34
  [ 23.1%] Step 61,000 | Loss: 1.2018 | PPL: 3.33
  [ 23.4%] Step 61,100 | Loss: 1.2062 | PPL: 3.34
  [ 23.8%] Step 61,200 | Loss: 1.2058 | PPL: 3.34
  [ 24.2%] Step 61,300 | Loss: 1.2023 | PPL: 3.33
  [ 24.5%] Step 61,400 | Loss: 1.1996 | PPL: 3.32
  [ 24.9%] Step 61,500 | Loss: 1.2043 | PPL: 3.33
  [ 25.3%] Step 61,600 | Loss: 1.2051 | PPL: 3.34
  [ 25.6%] Step 61,700 | Loss: 1.2010 | PPL: 3.32
  [ 26.0%] Step 61,800 | Loss: 1.1988 | PPL: 3.32
  [ 26.4%] Step 61,900 | Loss: 1.2006 | PPL: 3.32
  [ 26.7%] Step 62,000 | Loss: 1.1978 | PPL: 3.31
  [ 27.1%] Step 62,100 | Loss: 1.2034 | PPL: 3.33
  [ 27.5%] Step 62,200 | Loss: 1.2032 | PPL: 3.33
  [ 27.8%] Step 62,300 | Loss: 1.2034 | PPL: 3.33
  [ 28.2%] Step 62,400 | Loss: 1.2027 | PPL: 3.33
  [ 28.6%] Step 62,500 | Loss: 1.2017 | PPL: 3.33
  [ 28.9%] Step 62,600 | Loss: 1.2032 | PPL: 3.33
  [ 29.3%] Step 62,700 | Loss: 1.1984 | PPL: 3.31
  [ 29.7%] Step 62,800 | Loss: 1.1998 | PPL: 3.32
  [ 30.0%] Step 62,900 | Loss: 1.2002 | PPL: 3.32
  [ 30.4%] Step 63,000 | Loss: 1.2043 | PPL: 3.33
  [ 30.8%] Step 63,100 | Loss: 1.1969 | PPL: 3.31
  [ 31.1%] Step 63,200 | Loss: 1.2006 | PPL: 3.32
  [ 31.5%] Step 63,300 | Loss: 1.2012 | PPL: 3.32
  [ 31.9%] Step 63,400 | Loss: 1.2012 | PPL: 3.32
  [ 32.2%] Step 63,500 | Loss: 1.1974 | PPL: 3.31
  [ 32.6%] Step 63,600 | Loss: 1.1968 | PPL: 3.31
  [ 33.0%] Step 63,700 | Loss: 1.2032 | PPL: 3.33
  [ 33.3%] Step 63,800 | Loss: 1.1985 | PPL: 3.32
  [ 33.7%] Step 63,900 | Loss: 1.2005 | PPL: 3.32
  [ 34.1%] Step 64,000 | Loss: 1.2057 | PPL: 3.34
  [ 34.4%] Step 64,100 | Loss: 1.1994 | PPL: 3.32
  [ 34.8%] Step 64,200 | Loss: 1.2013 | PPL: 3.32
  [ 35.2%] Step 64,300 | Loss: 1.2022 | PPL: 3.33
  [ 35.5%] Step 64,400 | Loss: 1.2001 | PPL: 3.32
  [ 35.9%] Step 64,500 | Loss: 1.1983 | PPL: 3.31
  [ 36.2%] Step 64,600 | Loss: 1.1938 | PPL: 3.30
  [ 36.6%] Step 64,700 | Loss: 1.1995 | PPL: 3.32
  [ 37.0%] Step 64,800 | Loss: 1.1977 | PPL: 3.31
  [ 37.3%] Step 64,900 | Loss: 1.1979 | PPL: 3.31
  [ 37.7%] Step 65,000 | Loss: 1.1989 | PPL: 3.32
  [ 38.1%] Step 65,100 | Loss: 1.1976 | PPL: 3.31
  [ 38.4%] Step 65,200 | Loss: 1.1983 | PPL: 3.31
  [ 38.8%] Step 65,300 | Loss: 1.1950 | PPL: 3.30
  [ 39.2%] Step 65,400 | Loss: 1.1968 | PPL: 3.31
  [ 39.5%] Step 65,500 | Loss: 1.1972 | PPL: 3.31
  [ 39.9%] Step 65,600 | Loss: 1.1949 | PPL: 3.30
  [ 40.3%] Step 65,700 | Loss: 1.2020 | PPL: 3.33
  [ 40.6%] Step 65,800 | Loss: 1.1963 | PPL: 3.31
  [ 41.0%] Step 65,900 | Loss: 1.1985 | PPL: 3.32
  [ 41.4%] Step 66,000 | Loss: 1.2009 | PPL: 3.32
  [ 41.7%] Step 66,100 | Loss: 1.1956 | PPL: 3.31
  [ 42.1%] Step 66,200 | Loss: 1.1984 | PPL: 3.31
  [ 42.5%] Step 66,300 | Loss: 1.1978 | PPL: 3.31
  [ 42.8%] Step 66,400 | Loss: 1.1978 | PPL: 3.31
  [ 43.2%] Step 66,500 | Loss: 1.1960 | PPL: 3.31
  [ 43.6%] Step 66,600 | Loss: 1.1952 | PPL: 3.30
  [ 43.9%] Step 66,700 | Loss: 1.1929 | PPL: 3.30
  [ 44.3%] Step 66,800 | Loss: 1.1951 | PPL: 3.30
  [ 44.7%] Step 66,900 | Loss: 1.1987 | PPL: 3.32
  [ 45.0%] Step 67,000 | Loss: 1.1952 | PPL: 3.30
  [ 45.4%] Step 67,100 | Loss: 1.1930 | PPL: 3.30
  [ 45.8%] Step 67,200 | Loss: 1.1983 | PPL: 3.31
  [ 46.1%] Step 67,300 | Loss: 1.1949 | PPL: 3.30
  [ 46.5%] Step 67,400 | Loss: 1.1941 | PPL: 3.30
  [ 46.9%] Step 67,500 | Loss: 1.1955 | PPL: 3.31
  [ 47.2%] Step 67,600 | Loss: 1.1925 | PPL: 3.30
  [ 47.6%] Step 67,700 | Loss: 1.1923 | PPL: 3.29
  [ 48.0%] Step 67,800 | Loss: 1.1949 | PPL: 3.30
  [ 48.3%] Step 67,900 | Loss: 1.1975 | PPL: 3.31
  [ 48.7%] Step 68,000 | Loss: 1.1947 | PPL: 3.30
  [ 49.0%] Step 68,100 | Loss: 1.1895 | PPL: 3.29
  [ 49.4%] Step 68,200 | Loss: 1.1962 | PPL: 3.31
  [ 49.8%] Step 68,300 | Loss: 1.1930 | PPL: 3.30
  [ 50.1%] Step 68,400 | Loss: 1.1901 | PPL: 3.29
  [ 50.5%] Step 68,500 | Loss: 1.1905 | PPL: 3.29
  [ 50.9%] Step 68,600 | Loss: 1.1916 | PPL: 3.29
  [ 51.2%] Step 68,700 | Loss: 1.1934 | PPL: 3.30
  [ 51.6%] Step 68,800 | Loss: 1.1946 | PPL: 3.30
  [ 52.0%] Step 68,900 | Loss: 1.1937 | PPL: 3.30
  [ 52.3%] Step 69,000 | Loss: 1.1919 | PPL: 3.29
  [ 52.7%] Step 69,100 | Loss: 1.1913 | PPL: 3.29
  [ 53.1%] Step 69,200 | Loss: 1.1944 | PPL: 3.30
  [ 53.4%] Step 69,300 | Loss: 1.1942 | PPL: 3.30
  [ 53.8%] Step 69,400 | Loss: 1.1925 | PPL: 3.30
  [ 54.2%] Step 69,500 | Loss: 1.1876 | PPL: 3.28
  [ 54.5%] Step 69,600 | Loss: 1.1966 | PPL: 3.31
  [ 54.9%] Step 69,700 | Loss: 1.1893 | PPL: 3.28
  [ 55.3%] Step 69,800 | Loss: 1.1970 | PPL: 3.31
  [ 55.6%] Step 69,900 | Loss: 1.1924 | PPL: 3.30
  [ 56.0%] Step 70,000 | Loss: 1.1932 | PPL: 3.30
  [ 56.4%] Step 70,100 | Loss: 1.1899 | PPL: 3.29
  [ 56.7%] Step 70,200 | Loss: 1.1903 | PPL: 3.29
  [ 57.1%] Step 70,300 | Loss: 1.1926 | PPL: 3.30
  [ 57.5%] Step 70,400 | Loss: 1.1946 | PPL: 3.30
  [ 57.8%] Step 70,500 | Loss: 1.1917 | PPL: 3.29
  [ 58.2%] Step 70,600 | Loss: 1.1906 | PPL: 3.29
  [ 58.6%] Step 70,700 | Loss: 1.1917 | PPL: 3.29
  [ 58.9%] Step 70,800 | Loss: 1.1902 | PPL: 3.29
  [ 59.3%] Step 70,900 | Loss: 1.1896 | PPL: 3.29
  [ 59.7%] Step 71,000 | Loss: 1.1909 | PPL: 3.29
  [ 60.0%] Step 71,100 | Loss: 1.1891 | PPL: 3.28
  [ 60.4%] Step 71,200 | Loss: 1.1912 | PPL: 3.29
  [ 60.8%] Step 71,300 | Loss: 1.1856 | PPL: 3.27
  [ 61.1%] Step 71,400 | Loss: 1.1900 | PPL: 3.29
  [ 61.5%] Step 71,500 | Loss: 1.1913 | PPL: 3.29
  [ 61.8%] Step 71,600 | Loss: 1.1918 | PPL: 3.29
  [ 62.2%] Step 71,700 | Loss: 1.1920 | PPL: 3.29
  [ 62.6%] Step 71,800 | Loss: 1.1921 | PPL: 3.29
  [ 62.9%] Step 71,900 | Loss: 1.1926 | PPL: 3.30
  [ 63.3%] Step 72,000 | Loss: 1.1883 | PPL: 3.28
  [ 63.7%] Step 72,100 | Loss: 1.1856 | PPL: 3.27
  [ 64.0%] Step 72,200 | Loss: 1.1932 | PPL: 3.30
  [ 64.4%] Step 72,300 | Loss: 1.1910 | PPL: 3.29
  [ 64.8%] Step 72,400 | Loss: 1.1910 | PPL: 3.29
  [ 65.1%] Step 72,500 | Loss: 1.1892 | PPL: 3.28
  [ 65.5%] Step 72,600 | Loss: 1.1887 | PPL: 3.28
  [ 65.9%] Step 72,700 | Loss: 1.1904 | PPL: 3.29
  [ 66.2%] Step 72,800 | Loss: 1.1883 | PPL: 3.28
  [ 66.6%] Step 72,900 | Loss: 1.1901 | PPL: 3.29
  [ 67.0%] Step 73,000 | Loss: 1.1880 | PPL: 3.28
  [ 67.3%] Step 73,100 | Loss: 1.1925 | PPL: 3.30
  [ 67.7%] Step 73,200 | Loss: 1.1872 | PPL: 3.28
  [ 68.1%] Step 73,300 | Loss: 1.1878 | PPL: 3.28
  [ 68.4%] Step 73,400 | Loss: 1.1905 | PPL: 3.29
  [ 68.8%] Step 73,500 | Loss: 1.1911 | PPL: 3.29
  [ 69.2%] Step 73,600 | Loss: 1.1887 | PPL: 3.28
  [ 69.5%] Step 73,700 | Loss: 1.1907 | PPL: 3.29
  [ 69.9%] Step 73,800 | Loss: 1.1886 | PPL: 3.28
  [ 70.3%] Step 73,900 | Loss: 1.1882 | PPL: 3.28
  [ 70.6%] Step 74,000 | Loss: 1.1885 | PPL: 3.28
  [ 71.0%] Step 74,100 | Loss: 1.1895 | PPL: 3.29
  [ 71.4%] Step 74,200 | Loss: 1.1899 | PPL: 3.29
  [ 71.7%] Step 74,300 | Loss: 1.1881 | PPL: 3.28
  [ 72.1%] Step 74,400 | Loss: 1.1874 | PPL: 3.28
  [ 72.5%] Step 74,500 | Loss: 1.1874 | PPL: 3.28
  [ 72.8%] Step 74,600 | Loss: 1.1871 | PPL: 3.28
  [ 73.2%] Step 74,700 | Loss: 1.1901 | PPL: 3.29
  [ 73.6%] Step 74,800 | Loss: 1.1876 | PPL: 3.28
  [ 73.9%] Step 74,900 | Loss: 1.1890 | PPL: 3.28
  [ 74.3%] Step 75,000 | Loss: 1.1856 | PPL: 3.27
  [ 74.6%] Step 75,100 | Loss: 1.1835 | PPL: 3.27
  [ 75.0%] Step 75,200 | Loss: 1.1838 | PPL: 3.27
  [ 75.4%] Step 75,300 | Loss: 1.1866 | PPL: 3.28
  [ 75.7%] Step 75,400 | Loss: 1.1857 | PPL: 3.27
  [ 76.1%] Step 75,500 | Loss: 1.1856 | PPL: 3.27
  [ 76.5%] Step 75,600 | Loss: 1.1871 | PPL: 3.28
  [ 76.8%] Step 75,700 | Loss: 1.1859 | PPL: 3.27
  [ 77.2%] Step 75,800 | Loss: 1.1868 | PPL: 3.28
  [ 77.6%] Step 75,900 | Loss: 1.1867 | PPL: 3.28
  [ 77.9%] Step 76,000 | Loss: 1.1880 | PPL: 3.28
  [ 78.3%] Step 76,100 | Loss: 1.1832 | PPL: 3.26
  [ 78.7%] Step 76,200 | Loss: 1.1864 | PPL: 3.28
  [ 79.0%] Step 76,300 | Loss: 1.1862 | PPL: 3.27
  [ 79.4%] Step 76,400 | Loss: 1.1830 | PPL: 3.26
  [ 79.8%] Step 76,500 | Loss: 1.1875 | PPL: 3.28
  [ 80.1%] Step 76,600 | Loss: 1.1847 | PPL: 3.27
  [ 80.5%] Step 76,700 | Loss: 1.1852 | PPL: 3.27
  [ 80.9%] Step 76,800 | Loss: 1.1854 | PPL: 3.27
  [ 81.2%] Step 76,900 | Loss: 1.1861 | PPL: 3.27
  [ 81.6%] Step 77,000 | Loss: 1.1837 | PPL: 3.27
  [ 82.0%] Step 77,100 | Loss: 1.1840 | PPL: 3.27
  [ 82.3%] Step 77,200 | Loss: 1.1843 | PPL: 3.27
  [ 82.7%] Step 77,300 | Loss: 1.1835 | PPL: 3.27
  [ 83.1%] Step 77,400 | Loss: 1.1865 | PPL: 3.28
  [ 83.4%] Step 77,500 | Loss: 1.1816 | PPL: 3.26
  [ 83.8%] Step 77,600 | Loss: 1.1818 | PPL: 3.26
  [ 84.2%] Step 77,700 | Loss: 1.1835 | PPL: 3.27
  [ 84.5%] Step 77,800 | Loss: 1.1870 | PPL: 3.28
  [ 84.9%] Step 77,900 | Loss: 1.1849 | PPL: 3.27
  [ 85.3%] Step 78,000 | Loss: 1.1869 | PPL: 3.28
  [ 85.6%] Step 78,100 | Loss: 1.1811 | PPL: 3.26
  [ 86.0%] Step 78,200 | Loss: 1.1841 | PPL: 3.27
  [ 86.4%] Step 78,300 | Loss: 1.1847 | PPL: 3.27
  [ 86.7%] Step 78,400 | Loss: 1.1815 | PPL: 3.26
  [ 87.1%] Step 78,500 | Loss: 1.1838 | PPL: 3.27
  [ 87.4%] Step 78,600 | Loss: 1.1840 | PPL: 3.27
  [ 87.8%] Step 78,700 | Loss: 1.1843 | PPL: 3.27
  [ 88.2%] Step 78,800 | Loss: 1.1820 | PPL: 3.26
  [ 88.5%] Step 78,900 | Loss: 1.1834 | PPL: 3.27
  [ 88.9%] Step 79,000 | Loss: 1.1838 | PPL: 3.27
  [ 89.3%] Step 79,100 | Loss: 1.1795 | PPL: 3.25
  [ 89.6%] Step 79,200 | Loss: 1.1825 | PPL: 3.26
  [ 90.0%] Step 79,300 | Loss: 1.1805 | PPL: 3.26
  [ 90.4%] Step 79,400 | Loss: 1.1849 | PPL: 3.27
  [ 90.7%] Step 79,500 | Loss: 1.1811 | PPL: 3.26
  [ 91.1%] Step 79,600 | Loss: 1.1825 | PPL: 3.26
  [ 91.5%] Step 79,700 | Loss: 1.1860 | PPL: 3.27
  [ 91.8%] Step 79,800 | Loss: 1.1815 | PPL: 3.26
  [ 92.2%] Step 79,900 | Loss: 1.1864 | PPL: 3.28
  [ 92.6%] Step 80,000 | Loss: 1.1837 | PPL: 3.27
  [ 92.9%] Step 80,100 | Loss: 1.1805 | PPL: 3.26
  [ 93.3%] Step 80,200 | Loss: 1.1828 | PPL: 3.26
  [ 93.7%] Step 80,300 | Loss: 1.1832 | PPL: 3.26
  [ 94.0%] Step 80,400 | Loss: 1.1802 | PPL: 3.26
  [ 94.4%] Step 80,500 | Loss: 1.1820 | PPL: 3.26
  [ 94.8%] Step 80,600 | Loss: 1.1823 | PPL: 3.26
  [ 95.1%] Step 80,700 | Loss: 1.1825 | PPL: 3.26
  [ 95.5%] Step 80,800 | Loss: 1.1782 | PPL: 3.25
  [ 95.9%] Step 80,900 | Loss: 1.1803 | PPL: 3.26
  [ 96.2%] Step 81,000 | Loss: 1.1792 | PPL: 3.25
  [ 96.6%] Step 81,100 | Loss: 1.1824 | PPL: 3.26
  [ 97.0%] Step 81,200 | Loss: 1.1816 | PPL: 3.26
  [ 97.3%] Step 81,300 | Loss: 1.1844 | PPL: 3.27
  [ 97.7%] Step 81,400 | Loss: 1.1837 | PPL: 3.27
  [ 98.1%] Step 81,500 | Loss: 1.1818 | PPL: 3.26
  [ 98.4%] Step 81,600 | Loss: 1.1753 | PPL: 3.24
  [ 98.8%] Step 81,700 | Loss: 1.1820 | PPL: 3.26
  [ 99.2%] Step 81,800 | Loss: 1.1806 | PPL: 3.26
  [ 99.5%] Step 81,900 | Loss: 1.1826 | PPL: 3.26
  [ 99.9%] Step 82,000 | Loss: 1.1786 | PPL: 3.25
  [100.0%] Step 82,032 | Loss: 1.1808 | PPL: 3.26
[Epoch 3/3] Validating...
[Epoch 3/3] Loss: 1.3523 | PPL: 3.87
  -> Saved best model to checkpoints_v4_repeat\tr_best.pt
============================================================
Training complete. Running final evaluation...
============================================================

Final Test Loss: 1.3269 | Test PPL: 3.77
Done!
Wrote checkpoints_v4_repeat\tr_best.pt.runrecord.json
[1;34mwandb[0m: 
[1;34mwandb[0m: You can sync this run to the cloud by running:
[1;34mwandb[0m: [1mwandb sync C:\Users\Test\PROJECTS\LSTM\wandb\offline-run-20260903_123206-lgkguw58[0m
[1;34mwandb[0m: Find logs at: [1;35mwandb\offline-run-20260903_123206-lgkguw58\logs[0m
